Component: ARM Compiler 5.06 update 6 (build 750) Tool: armlink [4d35ed]

==============================================================================

Section Cross References

    startup_stm32f10x_hd.o(STACK) refers (Special) to heapauxi.o(.text) for __use_two_region_memory
    startup_stm32f10x_hd.o(HEAP) refers (Special) to heapauxi.o(.text) for __use_two_region_memory
    startup_stm32f10x_hd.o(RESET) refers (Special) to heapauxi.o(.text) for __use_two_region_memory
    startup_stm32f10x_hd.o(RESET) refers to startup_stm32f10x_hd.o(STACK) for __initial_sp
    startup_stm32f10x_hd.o(RESET) refers to startup_stm32f10x_hd.o(.text) for Reset_Handler
    startup_stm32f10x_hd.o(RESET) refers to stm32f10x_it.o(.text) for NMI_Handler
    startup_stm32f10x_hd.o(RESET) refers to timer.o(.text) for TIM3_IRQHandler
    startup_stm32f10x_hd.o(RESET) refers to usart.o(.text) for USART1_IRQHandler
    startup_stm32f10x_hd.o(.text) refers (Special) to heapauxi.o(.text) for __use_two_region_memory
    startup_stm32f10x_hd.o(.text) refers to system_stm32f10x.o(.text) for SystemInit
    startup_stm32f10x_hd.o(.text) refers to __main.o(!!!main) for __main
    startup_stm32f10x_hd.o(.text) refers to startup_stm32f10x_hd.o(HEAP) for Heap_Mem
    startup_stm32f10x_hd.o(.text) refers to startup_stm32f10x_hd.o(STACK) for Stack_Mem
    system_stm32f10x.o(.text) refers to system_stm32f10x.o(.data) for SystemCoreClock
    stm32f10x_adc.o(.text) refers to stm32f10x_rcc.o(.text) for RCC_APB2PeriphResetCmd
    stm32f10x_bkp.o(.text) refers to stm32f10x_rcc.o(.text) for RCC_BackupResetCmd
    stm32f10x_can.o(.text) refers to stm32f10x_rcc.o(.text) for RCC_APB1PeriphResetCmd
    stm32f10x_cec.o(.text) refers to stm32f10x_rcc.o(.text) for RCC_APB1PeriphResetCmd
    stm32f10x_dac.o(.text) refers to stm32f10x_rcc.o(.text) for RCC_APB1PeriphResetCmd
    stm32f10x_gpio.o(.text) refers to stm32f10x_rcc.o(.text) for RCC_APB2PeriphResetCmd
    stm32f10x_i2c.o(.text) refers to stm32f10x_rcc.o(.text) for RCC_APB1PeriphResetCmd
    stm32f10x_pwr.o(.text) refers to stm32f10x_rcc.o(.text) for RCC_APB1PeriphResetCmd
    stm32f10x_rcc.o(.text) refers to stm32f10x_rcc.o(.data) for APBAHBPrescTable
    stm32f10x_spi.o(.text) refers to stm32f10x_rcc.o(.text) for RCC_APB2PeriphResetCmd
    stm32f10x_tim.o(.text) refers to stm32f10x_rcc.o(.text) for RCC_APB2PeriphResetCmd
    stm32f10x_usart.o(.text) refers to stm32f10x_rcc.o(.text) for RCC_APB2PeriphResetCmd
    stm32f10x_wwdg.o(.text) refers to stm32f10x_rcc.o(.text) for RCC_APB1PeriphResetCmd
    main.o(.text) refers to oled.o(.text) for I2C_Configuration
    main.o(.text) refers to delay.o(.text) for DelayInit
    main.o(.text) refers to charge.o(.text) for Charge_Init
    main.o(.text) refers to usart.o(.text) for USART1_Init
    main.o(.text) refers to adc.o(.text) for ADC_Conf_Init
    main.o(.text) refers to timer.o(.text) for TIM3_Init
    main.o(.text) refers to syn6288.o(.text) for SYN_Speaker
    main.o(.text) refers to dflt_clz.o(x$fpl$dfltu) for __aeabi_ui2d
    main.o(.text) refers to ddiv.o(x$fpl$ddiv) for __aeabi_ddiv
    main.o(.text) refers to d2f.o(x$fpl$d2f) for __aeabi_d2f
    main.o(.text) refers to im1253b.o(.text) for IM_Read
    main.o(.text) refers to charge.o(.data) for m_charge_state
    main.o(.text) refers to im1253b.o(.data) for Voltage
    main.o(.text) refers to timer.o(.data) for Time
    main.o(.text) refers to usart.o(.data) for Time_Limit
    delay.o(.text) refers to misc.o(.text) for SysTick_CLKSourceConfig
    delay.o(.text) refers to system_stm32f10x.o(.data) for SystemCoreClock
    delay.o(.text) refers to delay.o(.data) for fac_us
    led.o(.text) refers to stm32f10x_rcc.o(.text) for RCC_APB2PeriphClockCmd
    led.o(.text) refers to stm32f10x_gpio.o(.text) for GPIO_Init
    usart.o(.text) refers (Special) to use_no_semi_2.o(.text) for __use_no_semihosting
    usart.o(.text) refers to stm32f10x_rcc.o(.text) for RCC_APB2PeriphClockCmd
    usart.o(.text) refers to stm32f10x_gpio.o(.text) for GPIO_Init
    usart.o(.text) refers to misc.o(.text) for NVIC_Init
    usart.o(.text) refers to stm32f10x_usart.o(.text) for USART_Init
    usart.o(.text) refers to c89vsprintf.o(.text) for __c89vsprintf
    usart.o(.text) refers to usart.o(.data) for USART_RX_STA
    usart.o(.text) refers to usart.o(.bss) for buf2
    usart.o(.text) refers to charge.o(.data) for m_charge_state
    usart.o(.text) refers to f2d.o(x$fpl$f2d) for __aeabi_f2d
    usart.o(.bss) refers (Special) to use_no_semi_2.o(.text) for __use_no_semihosting
    usart.o(.data) refers (Special) to use_no_semi_2.o(.text) for __use_no_semihosting
    adc.o(.text) refers to stm32f10x_rcc.o(.text) for RCC_APB2PeriphClockCmd
    adc.o(.text) refers to stm32f10x_gpio.o(.text) for GPIO_Init
    adc.o(.text) refers to stm32f10x_adc.o(.text) for ADC_Init
    charge.o(.text) refers to stm32f10x_rcc.o(.text) for RCC_APB2PeriphClockCmd
    charge.o(.text) refers to stm32f10x_gpio.o(.text) for GPIO_Init
[...]
    __lcnum_c_point                          0x08006640   Data           0  lc_numeric_c.o(locale$$data)
    __lcnum_c_thousands                      0x08006642   Data           0  lc_numeric_c.o(locale$$data)
    __lcnum_c_grouping                       0x08006643   Data           0  lc_numeric_c.o(locale$$data)
    locale$$data                             0x08006644   Section      272  lc_ctype_c.o(locale$$data)
    __lcnum_c_end                            0x08006644   Data           0  lc_numeric_c.o(locale$$data)
    __lcctype_c_name                         0x08006648   Data           2  lc_ctype_c.o(locale$$data)
    __lcctype_c_start                        0x08006650   Data           0  lc_ctype_c.o(locale$$data)
    __lcctype_c_end                          0x08006754   Data           0  lc_ctype_c.o(locale$$data)
    .data                                    0x20000000   Section       20  system_stm32f10x.o(.data)
    .data                                    0x20000014   Section       20  stm32f10x_rcc.o(.data)
    APBAHBPrescTable                         0x20000014   Data          16  stm32f10x_rcc.o(.data)
    ADCPrescTable                            0x20000024   Data           4  stm32f10x_rcc.o(.data)
    .data                                    0x20000028   Section        4  delay.o(.data)
    fac_us                                   0x20000028   Data           1  delay.o(.data)
    fac_ms                                   0x2000002a   Data           2  delay.o(.data)
    .data                                    0x2000002c   Section       27  usart.o(.data)
    i                                        0x2000003f   Data           1  usart.o(.data)
    start                                    0x20000040   Data           1  usart.o(.data)
    fn                                       0x20000041   Data           1  usart.o(.data)
    arg                                      0x20000042   Data           1  usart.o(.data)
    i                                        0x20000043   Data           1  usart.o(.data)
    first                                    0x20000044   Data           1  usart.o(.data)
    second                                   0x20000045   Data           1  usart.o(.data)
    start                                    0x20000046   Data           1  usart.o(.data)
    .data                                    0x20000047   Section        1  charge.o(.data)
    .data                                    0x20000048   Section        8  timer.o(.data)
    .data                                    0x20000050   Section       24  im1253b.o(.data)
    .bss                                     0x20000068   Section      256  usart.o(.bss)
    .bss                                     0x20000168   Section       32  oled.o(.bss)
    .bss                                     0x20000188   Section       96  libspace.o(.bss)
    HEAP                                     0x200001e8   Section      512  startup_stm32f10x_hd.o(HEAP)
    Heap_Mem                                 0x200001e8   Data         512  startup_stm32f10x_hd.o(HEAP)
    STACK                                    0x200003e8   Section     1024  startup_stm32f10x_hd.o(STACK)
    Stack_Mem                                0x200003e8   Data        1024  startup_stm32f10x_hd.o(STACK)
    __initial_sp                             0x200007e8   Data           0  startup_stm32f10x_hd.o(STACK)

    Global Symbols

    Symbol Name                              Value     Ov Type        Size  Object(Section)

    BuildAttributes$$THM_ISAv4$P$D$K$B$S$PE$A:L22UL41UL21$X:L11$S22US41US21$IEEE1$IW$USESV6$~STKCKD$USESV7$~SHL$OTIME$ROPI$IEEEJ$EBA8$UX$STANDARDLIB$REQ8$PRES8$EABIv2 0x00000000   Number         0  anon$$obj.o ABSOLUTE
    __ARM_use_no_argv                        0x00000000   Number         0  main.o ABSOLUTE
    _printf_flags                            0x00000000   Number         0  printf_stubs.o ABSOLUTE
    _printf_return_value                     0x00000000   Number         0  printf_stubs.o ABSOLUTE
    _printf_sizespec                         0x00000000   Number         0  printf_stubs.o ABSOLUTE
    _printf_widthprec                        0x00000000   Number         0  printf_stubs.o ABSOLUTE
    __ARM_exceptions_init                     - Undefined Weak Reference
    __alloca_initialize                       - Undefined Weak Reference
    __arm_preinit_                            - Undefined Weak Reference
    __cpp_initialize__aeabi_                  - Undefined Weak Reference
    __cxa_finalize                            - Undefined Weak Reference
    __sigvec_lookup                           - Undefined Weak Reference
    _atexit_init                              - Undefined Weak Reference
    _call_atexit_fns                          - Undefined Weak Reference
    _clock_init                               - Undefined Weak Reference
    _fp_trap_init                             - Undefined Weak Reference
    _fp_trap_shutdown                         - Undefined Weak Reference
    _get_lc_collate                           - Undefined Weak Reference
    _get_lc_monetary                          - Undefined Weak Reference
    _get_lc_time                              - Undefined Weak Reference
    _getenv_init                              - Undefined Weak Reference
    _handle_redirection                       - Undefined Weak Reference
    _init_alloc                               - Undefined Weak Reference
    _init_user_alloc                          - Undefined Weak Reference
    _initio                                   - Undefined Weak Reference
    _printf_fp_hex                            - Undefined Weak Reference
    _printf_mbtowc                            - Undefined Weak Reference
    _printf_wc                                - Undefined Weak Reference
    _rand_init                                - Undefined Weak Reference
    _signal_finish                            - Undefined Weak Reference
    _signal_init                              - Undefined Weak Reference
    _terminate_alloc                          - Undefined Weak Reference
    _terminate_user_alloc                     - Undefined Weak Reference
    _terminateio                              - Undefined Weak Reference
    __Vectors_Size                           0x00000130   Number         0  startup_stm32f10x_hd.o ABSOLUTE
    __Vectors                                0x08000000   Data           4  startup_stm32f10x_hd.o(RESET)
    __Vectors_End                            0x08000130   Data           0  startup_stm32f10x_hd.o(RESET)
    __main                                   0x08000131   Thumb Code     8  __main.o(!!!main)
    __scatterload                            0x08000139   Thumb Code     0  __scatter.o(!!!scatter)
    __scatterload_rt2                        0x08000139   Thumb Code    44  __scatter.o(!!!scatter)
    __scatterload_rt2_thumb_only             0x08000139   Thumb Code     0  __scatter.o(!!!scatter)
    __scatterload_null                       0x08000147   Thumb Code     0  __scatter.o(!!!scatter)
    __scatterload_copy                       0x0800016d   Thumb Code    26  __scatter_copy.o(!!handler_copy)
    __scatterload_zeroinit                   0x08000189   Thumb Code    28  __scatter_zi.o(!!handler_zi)
    _printf_n                                0x080001a5   Thumb Code     0  _printf_n.o(.ARM.Collect$$_printf_percent$$00000001)
    _printf_percent                          0x080001a5   Thumb Code     0  _printf_percent.o(.ARM.Collect$$_printf_percent$$00000000)
    _printf_p                                0x080001ab   Thumb Code     0  _printf_p.o(.ARM.Collect$$_printf_percent$$00000002)
    _printf_f                                0x080001b1   Thumb Code     0  _printf_f.o(.ARM.Collect$$_printf_percent$$00000003)
    _printf_e                                0x080001b7   Thumb Code     0  _printf_e.o(.ARM.Collect$$_printf_percent$$00000004)
    _printf_g                                0x080001bd   Thumb Code     0  _printf_g.o(.ARM.Collect$$_printf_percent$$00000005)
    _printf_a                                0x080001c3   Thumb Code     0  _printf_a.o(.ARM.Collect$$_printf_percent$$00000006)
    _printf_ll                               0x080001c9   Thumb Code     0  _printf_ll.o(.ARM.Collect$$_printf_percent$$00000007)
    _printf_i                                0x080001d3   Thumb Code     0  _printf_i.o(.ARM.Collect$$_printf_percent$$00000008)
    _printf_d                                0x080001d9   Thumb Code     0  _printf_d.o(.ARM.Collect$$_printf_percent$$00000009)
    _printf_u                                0x080001df   Thumb Code     0  _printf_u.o(.ARM.Collect$$_printf_percent$$0000000A)
    _printf_o                                0x080001e5   Thumb Code     0  _printf_o.o(.ARM.Collect$$_printf_percent$$0000000B)
    _printf_x                                0x080001eb   Thumb Code     0  _printf_x.o(.ARM.Collect$$_printf_percent$$0000000C)
    _printf_lli                              0x080001f1   Thumb Code     0  _printf_lli.o(.ARM.Collect$$_printf_percent$$0000000D)
    _printf_lld                              0x080001f7   Thumb Code     0  _printf_lld.o(.ARM.Collect$$_printf_percent$$0000000E)
    _printf_llu                              0x080001fd   Thumb Code     0  _printf_llu.o(.ARM.Collect$$_printf_percent$$0000000F)
    _printf_llo                              0x08000203   Thumb Code     0  _printf_llo.o(.ARM.Collect$$_printf_percent$$00000010)
    _printf_llx                              0x08000209   Thumb Code     0  _printf_llx.o(.ARM.Collect$$_printf_percent$$00000011)
    _printf_l                                0x0800020f   Thumb Code     0  _printf_l.o(.ARM.Collect$$_printf_percent$$00000012)
    _printf_c                                0x08000219   Thumb Code     0  _printf_c.o(.ARM.Collect$$_printf_percent$$00000013)
    _printf_s                                0x0800021f   Thumb Code     0  _printf_s.o(.ARM.Collect$$_printf_percent$$00000014)
    _printf_lc                               0x08000225   Thumb Code     0  _printf_lc.o(.ARM.Collect$$_printf_percent$$00000015)
    _printf_ls                               0x0800022b   Thumb Code     0  _printf_ls.o(.ARM.Collect$$_printf_percent$$00000016)
    _printf_percent_end                      0x08000231   Thumb Code     0  _printf_percent_end.o(.ARM.Collect$$_printf_percent$$00000017)
    __rt_lib_init                            0x08000235   Thumb Code     0  libinit.o(.ARM.Collect$$libinit$$00000000)
    __rt_lib_init_fp_1                       0x08000237   Thumb Code     0  libinit2.o(.ARM.Collect$$libinit$$00000002)
    __rt_lib_init_heap_1                     0x08000237   Thumb Code     0  libinit2.o(.ARM.Collect$$libinit$$0000000A)
    __rt_lib_init_lc_common                  0x08000237   Thumb Code     0  libinit2.o(.ARM.Collect$$libinit$$0000000F)
    __rt_lib_init_preinit_1                  0x08000237   Thumb Code     0  libinit2.o(.ARM.Collect$$libinit$$00000004)
    __rt_lib_init_rand_1                     0x08000237   Thumb Code     0  libinit2.o(.ARM.Collect$$libinit$$0000000E)
    __rt_lib_init_user_alloc_1               0x08000237   Thumb Code     0  libinit2.o(.ARM.Collect$$libinit$$0000000C)
    __rt_lib_init_lc_collate_1               0x0800023d   Thumb Code     0  libinit2.o(.ARM.Collect$$libinit$$00000011)
    __rt_lib_init_lc_ctype_2                 0x0800023d   Thumb Code     0  libinit2.o(.ARM.Collect$$libinit$$00000012)
    __rt_lib_init_lc_ctype_1                 0x08000249   Thumb Code     0  libinit2.o(.ARM.Collect$$libinit$$00000013)
    __rt_lib_init_lc_monetary_1              0x08000249   Thumb Code     0  libinit2.o(.ARM.Collect$$libinit$$00000015)
    __rt_lib_init_lc_numeric_2               0x08000249   Thumb Code     0  libinit2.o(.ARM.Collect$$libinit$$00000016)
    __rt_lib_init_alloca_1                   0x08000253   Thumb Code     0  libinit2.o(.ARM.Collect$$libinit$$0000002E)
    __rt_lib_init_argv_1                     0x08000253   Thumb Code     0  libinit2.o(.ARM.Collect$$libinit$$0000002C)
    __rt_lib_init_atexit_1                   0x08000253   Thumb Code     0  libinit2.o(.ARM.Collect$$libinit$$0000001B)
    __rt_lib_init_clock_1                    0x08000253   Thumb Code     0  libinit2.o(.ARM.Collect$$libinit$$00000021)
    __rt_lib_init_cpp_1                      0x08000253   Thumb Code     0  libinit2.o(.ARM.Collect$$libinit$$00000032)
    __rt_lib_init_exceptions_1               0x08000253   Thumb Code     0  libinit2.o(.ARM.Collect$$libinit$$00000030)
    __rt_lib_init_fp_trap_1                  0x08000253   Thumb Code     0  libinit2.o(.ARM.Collect$$libinit$$0000001F)
    __rt_lib_init_getenv_1                   0x08000253   Thumb Code     0  libinit2.o(.ARM.Collect$$libinit$$00000023)
    __rt_lib_init_lc_numeric_1               0x08000253   Thumb Code     0  libinit2.o(.ARM.Collect$$libinit$$00000017)
    __rt_lib_init_lc_time_1                  0x08000253   Thumb Code     0  libinit2.o(.ARM.Collect$$libinit$$00000019)
    __rt_lib_init_return                     0x08000253   Thumb Code     0  libinit2.o(.ARM.Collect$$libinit$$00000033)
    __rt_lib_init_signal_1                   0x08000253   Thumb Code     0  libinit2.o(.ARM.Collect$$libinit$$0000001D)
    __rt_lib_init_stdio_1                    0x08000253   Thumb Code     0  libinit2.o(.ARM.Collect$$libinit$$00000025)
    __rt_lib_shutdown                        0x08000255   Thumb Code     0  libshutdown.o(.ARM.Collect$$libshutdown$$00000000)
    __rt_lib_shutdown_cpp_1                  0x08000257   Thumb Code     0  libshutdown2.o(.ARM.Collect$$libshutdown$$00000002)
    __rt_lib_shutdown_fp_trap_1              0x08000257   Thumb Code     0  libshutdown2.o(.ARM.Collect$$libshutdown$$00000007)
    __rt_lib_shutdown_heap_1                 0x08000257   Thumb Code     0  libshutdown2.o(.ARM.Collect$$libshutdown$$0000000F)
    __rt_lib_shutdown_return                 0x08000257   Thumb Code     0  libshutdown2.o(.ARM.Collect$$libshutdown$$00000010)
    __rt_lib_shutdown_signal_1               0x08000257   Thumb Code     0  libshutdown2.o(.ARM.Collect$$libshutdown$$0000000A)
    __rt_lib_shutdown_stdio_1                0x08000257   Thumb Code     0  libshutdown2.o(.ARM.Collect$$libshutdown$$00000004)
    __rt_lib_shutdown_user_alloc_1           0x08000257   Thumb Code     0  libshutdown2.o(.ARM.Collect$$libshutdown$$0000000C)
    __rt_entry                               0x08000259   Thumb Code     0  __rtentry.o(.ARM.Collect$$rtentry$$00000000)
    __rt_entry_presh_1                       0x08000259   Thumb Code     0  __rtentry2.o(.ARM.Collect$$rtentry$$00000002)
    __rt_entry_sh                            0x08000259   Thumb Code     0  __rtentry4.o(.ARM.Collect$$rtentry$$00000004)
    __rt_entry_li                            0x0800025f   Thumb Code     0  __rtentry2.o(.ARM.Collect$$rtentry$$0000000A)
    __rt_entry_postsh_1                      0x0800025f   Thumb Code     0  __rtentry2.o(.ARM.Collect$$rtentry$$00000009)
    __rt_entry_main                          0x08000263   Thumb Code     0  __rtentry2.o(.ARM.Collect$$rtentry$$0000000D)
    __rt_entry_postli_1                      0x08000263   Thumb Code     0  __rtentry2.o(.ARM.Collect$$rtentry$$0000000C)
    __rt_exit                                0x0800026b   Thumb Code     0  rtexit.o(.ARM.Collect$$rtexit$$00000000)
    __rt_exit_ls                             0x0800026d   Thumb Code     0  rtexit2.o(.ARM.Collect$$rtexit$$00000003)
    __rt_exit_prels_1                        0x0800026d   Thumb Code     0  rtexit2.o(.ARM.Collect$$rtexit$$00000002)
    __rt_exit_exit                           0x08000271   Thumb Code     0  rtexit2.o(.ARM.Collect$$rtexit$$00000004)
    Reset_Handler                            0x08000279   Thumb Code     8  startup_stm32f10x_hd.o(.text)
    ADC1_2_IRQHandler                        0x08000293   Thumb Code     0  startup_stm32f10x_hd.o(.text)
    ADC3_IRQHandler                          0x08000293   Thumb Code     0  startup_stm32f10x_hd.o(.text)
    CAN1_RX1_IRQHandler                      0x08000293   Thumb Code     0  startup_stm32f10x_hd.o(.text)
    CAN1_SCE_IRQHandler                      0x08000293   Thumb Code     0  startup_stm32f10x_hd.o(.text)
    DMA1_Channel1_IRQHandler                 0x08000293   Thumb Code     0  startup_stm32f10x_hd.o(.text)
    DMA1_Channel2_IRQHandler                 0x08000293   Thumb Code     0  startup_stm32f10x_hd.o(.text)
    DMA1_Channel3_IRQHandler                 0x08000293   Thumb Code     0  startup_stm32f10x_hd.o(.text)
    DMA1_Channel4_IRQHandler                 0x08000293   Thumb Code     0  startup_stm32f10x_hd.o(.text)
    DMA1_Channel5_IRQHandler                 0x08000293   Thumb Code     0  startup_stm32f10x_hd.o(.text)
    DMA1_Channel6_IRQHandler                 0x08000293   Thumb Code     0  startup_stm32f10x_hd.o(.text)
    DMA1_Channel7_IRQHandler                 0x08000293   Thumb Code     0  startup_stm32f10x_hd.o(.text)
    DMA2_Channel1_IRQHandler                 0x08000293   Thumb Code     0  startup_stm32f10x_hd.o(.text)
    DMA2_Channel2_IRQHandler                 0x08000293   Thumb Code     0  startup_stm32f10x_hd.o(.text)
    DMA2_Channel3_IRQHandler                 0x08000293   Thumb Code     0  startup_stm32f10x_hd.o(.text)
    DMA2_Channel4_5_IRQHandler               0x08000293   Thumb Code     0  startup_stm32f10x_hd.o(.text)
    EXTI0_IRQHandler                         0x08000293   Thumb Code     0  startup_stm32f10x_hd.o(.text)
    EXTI15_10_IRQHandler                     0x08000293   Thumb Code     0  startup_stm32f10x_hd.o(.text)
    EXTI1_IRQHandler                         0x08000293   Thumb Code     0  startup_stm32f10x_hd.o(.text)
    EXTI2_IRQHandler                         0x08000293   Thumb Code     0  startup_stm32f10x_hd.o(.text)
    EXTI3_IRQHandler                         0x08000293   Thumb Code     0  startup_stm32f10x_hd.o(.text)
    EXTI4_IRQHandler                         0x08000293   Thumb Code     0  startup_stm32f10x_hd.o(.text)
    EXTI9_5_IRQHandler                       0x08000293   Thumb Code     0  startup_stm32f10x_hd.o(.text)
    FLASH_IRQHandler                         0x08000293   Thumb Code     0  startup_stm32f10x_hd.o(.text)
    FSMC_IRQHandler                          0x08000293   Thumb Code     0  startup_stm32f10x_hd.o(.text)
    I2C1_ER_IRQHandler                       0x08000293   Thumb Code     0  startup_stm32f10x_hd.o(.text)
    I2C1_EV_IRQHandler                       0x08000293   Thumb Code     0  startup_stm32f10x_hd.o(.text)
    I2C2_ER_IRQHandler                       0x08000293   Thumb Code     0  startup_stm32f10x_hd.o(.text)
    I2C2_EV_IRQHandler                       0x08000293   Thumb Code     0  startup_stm32f10x_hd.o(.text)
    PVD_IRQHandler                           0x08000293   Thumb Code     0  startup_stm32f10x_hd.o(.text)
    RCC_IRQHandler                           0x08000293   Thumb Code     0  startup_stm32f10x_hd.o(.text)
    RTCAlarm_IRQHandler                      0x08000293   Thumb Code     0  startup_stm32f10x_hd.o(.text)
    RTC_IRQHandler                           0x08000293   Thumb Code     0  startup_stm32f10x_hd.o(.text)
    SDIO_IRQHandler                          0x08000293   Thumb Code     0  startup_stm32f10x_hd.o(.text)
    SPI1_IRQHandler                          0x08000293   Thumb Code     0  startup_stm32f10x_hd.o(.text)
    SPI2_IRQHandler                          0x08000293   Thumb Code     0  startup_stm32f10x_hd.o(.text)
    SPI3_IRQHandler                          0x08000293   Thumb Code     0  startup_stm32f10x_hd.o(.text)
    TAMPER_IRQHandler                        0x08000293   Thumb Code     0  startup_stm32f10x_hd.o(.text)
    TIM1_BRK_IRQHandler                      0x08000293   Thumb Code     0  startup_stm32f10x_hd.o(.text)
    TIM1_CC_IRQHandler                       0x08000293   Thumb Code     0  startup_stm32f10x_hd.o(.text)
    TIM1_TRG_COM_IRQHandler                  0x08000293   Thumb Code     0  startup_stm32f10x_hd.o(.text)
    TIM1_UP_IRQHandler                       0x08000293   Thumb Code     0  startup_stm32f10x_hd.o(.text)
    TIM2_IRQHandler                          0x08000293   Thumb Code     0  startup_stm32f10x_hd.o(.text)
    TIM4_IRQHandler                          0x08000293   Thumb Code     0  startup_stm32f10x_hd.o(.text)
    TIM5_IRQHandler                          0x08000293   Thumb Code     0  startup_stm32f10x_hd.o(.text)
    TIM6_IRQHandler                          0x08000293   Thumb Code     0  startup_stm32f10x_hd.o(.text)
    TIM7_IRQHandler                          0x08000293   Thumb Code     0  startup_stm32f10x_hd.o(.text)
    TIM8_BRK_IRQHandler                      0x08000293   Thumb Code     0  startup_stm32f10x_hd.o(.text)
    TIM8_CC_IRQHandler                       0x08000293   Thumb Code     0  startup_stm32f10x_hd.o(.text)
    TIM8_TRG_COM_IRQHandler                  0x08000293   Thumb Code     0  startup_stm32f10x_hd.o(.text)
    TIM8_UP_IRQHandler                       0x08000293   Thumb Code     0  startup_stm32f10x_hd.o(.text)
    UART4_IRQHandler                         0x08000293   Thumb Code     0  startup_stm32f10x_hd.o(.text)
    UART5_IRQHandler                         0x08000293   Thumb Code     0  startup_stm32f10x_hd.o(.text)
    USBWakeUp_IRQHandler                     0x08000293   Thumb Code     0  startup_stm32f10x_hd.o(.text)
    USB_HP_CAN1_TX_IRQHandler                0x08000293   Thumb Code     0  startup_stm32f10x_hd.o(.text)
    USB_LP_CAN1_RX0_IRQHandler               0x08000293   Thumb Code     0  startup_stm32f10x_hd.o(.text)
    WWDG_IRQHandler                          0x08000293   Thumb Code     0  startup_stm32f10x_hd.o(.text)
    __user_initial_stackheap                 0x08000295   Thumb Code     0  startup_stm32f10x_hd.o(.text)
    SystemInit                               0x08000397   Thumb Code    78  system_stm32f10x.o(.text)
    SystemCoreClockUpdate                    0x080003e5   Thumb Code   142  system_stm32f10x.o(.text)
    NVIC_PriorityGroupConfig                 0x08000499   Thumb Code    10  misc.o(.text)
    NVIC_Init                                0x080004a3   Thumb Code   100  misc.o(.text)
    NVIC_SetVectorTable                      0x08000507   Thumb Code    14  misc.o(.text)
    NVIC_SystemLPConfig                      0x08000515   Thumb Code    34  misc.o(.text)
    SysTick_CLKSourceConfig                  0x08000537   Thumb Code    40  misc.o(.text)
    ADC_DeInit                               0x08000575   Thumb Code    78  stm32f10x_adc.o(.text)
    ADC_Init                                 0x080005c3   Thumb Code    70  stm32f10x_adc.o(.text)
    ADC_StructInit                           0x08000609   Thumb Code    18  stm32f10x_adc.o(.text)
    ADC_Cmd                                  0x0800061b   Thumb Code    22  stm32f10x_adc.o(.text)
    ADC_DMACmd                               0x08000631   Thumb Code    22  stm32f10x_adc.o(.text)
    ADC_ITConfig                             0x08000647   Thumb Code    24  stm32f10x_adc.o(.text)
    ADC_ResetCalibration                     0x0800065f   Thumb Code    10  stm32f10x_adc.o(.text)
    ADC_GetResetCalibrationStatus            0x08000669   Thumb Code    20  stm32f10x_adc.o(.text)
    ADC_StartCalibration                     0x0800067d   Thumb Code    10  stm32f10x_adc.o(.text)
    ADC_GetCalibrationStatus                 0x08000687   Thumb Code    20  stm32f10x_adc.o(.text)
    ADC_SoftwareStartConvCmd                 0x0800069b   Thumb Code    22  stm32f10x_adc.o(.text)
    ADC_GetSoftwareStartConvStatus           0x080006b1   Thumb Code    20  stm32f10x_adc.o(.text)
    ADC_DiscModeChannelCountConfig           0x080006c5   Thumb Code    24  stm32f10x_adc.o(.text)
    ADC_DiscModeCmd                          0x080006dd   Thumb Code    22  stm32f10x_adc.o(.text)
    ADC_RegularChannelConfig                 0x080006f3   Thumb Code   184  stm32f10x_adc.o(.text)
    ADC_ExternalTrigConvCmd                  0x080007ab   Thumb Code    22  stm32f10x_adc.o(.text)
    ADC_GetConversionValue                   0x080007c1   Thumb Code     8  stm32f10x_adc.o(.text)
    ADC_GetDualModeConversionValue           0x080007c9   Thumb Code     8  stm32f10x_adc.o(.text)
    ADC_AutoInjectedConvCmd                  0x080007d1   Thumb Code    22  stm32f10x_adc.o(.text)
    ADC_InjectedDiscModeCmd                  0x080007e7   Thumb Code    22  stm32f10x_adc.o(.text)
    ADC_ExternalTrigInjectedConvConfig       0x080007fd   Thumb Code    16  stm32f10x_adc.o(.text)
    ADC_ExternalTrigInjectedConvCmd          0x0800080d   Thumb Code    22  stm32f10x_adc.o(.text)
    ADC_SoftwareStartInjectedConvCmd         0x08000823   Thumb Code    22  stm32f10x_adc.o(.text)
    ADC_GetSoftwareStartInjectedConvCmdStatus 0x08000839   Thumb Code    20  stm32f10x_adc.o(.text)
    ADC_InjectedChannelConfig                0x0800084d   Thumb Code   130  stm32f10x_adc.o(.text)
    ADC_InjectedSequencerLengthConfig        0x080008cf   Thumb Code    24  stm32f10x_adc.o(.text)
    ADC_SetInjectedOffset                    0x080008e7   Thumb Code    20  stm32f10x_adc.o(.text)
    ADC_GetInjectedConversionValue           0x080008fb   Thumb Code    28  stm32f10x_adc.o(.text)
    ADC_AnalogWatchdogCmd                    0x08000917   Thumb Code    16  stm32f10x_adc.o(.text)
    ADC_AnalogWatchdogThresholdsConfig       0x08000927   Thumb Code     6  stm32f10x_adc.o(.text)
    ADC_AnalogWatchdogSingleChannelConfig    0x0800092d   Thumb Code    16  stm32f10x_adc.o(.text)
    ADC_TempSensorVrefintCmd                 0x0800093d   Thumb Code    64  stm32f10x_adc.o(.text)
    ADC_GetFlagStatus                        0x0800097d   Thumb Code    18  stm32f10x_adc.o(.text)
    ADC_ClearFlag                            0x0800098f   Thumb Code     6  stm32f10x_adc.o(.text)
    ADC_GetITStatus                          0x08000995   Thumb Code    36  stm32f10x_adc.o(.text)
    ADC_ClearITPendingBit                    0x080009b9   Thumb Code    10  stm32f10x_adc.o(.text)
    GPIO_DeInit                              0x080009c5   Thumb Code   172  stm32f10x_gpio.o(.text)
    GPIO_AFIODeInit                          0x08000a71   Thumb Code    20  stm32f10x_gpio.o(.text)
    GPIO_Init                                0x08000a85   Thumb Code   278  stm32f10x_gpio.o(.text)
    GPIO_StructInit                          0x08000b9b   Thumb Code    16  stm32f10x_gpio.o(.text)
    GPIO_ReadInputDataBit                    0x08000bab   Thumb Code    18  stm32f10x_gpio.o(.text)
    GPIO_ReadInputData                       0x08000bbd   Thumb Code     8  stm32f10x_gpio.o(.text)
    GPIO_ReadOutputDataBit                   0x08000bc5   Thumb Code    18  stm32f10x_gpio.o(.text)
    GPIO_ReadOutputData                      0x08000bd7   Thumb Code     8  stm32f10x_gpio.o(.text)
    GPIO_SetBits                             0x08000bdf   Thumb Code     4  stm32f10x_gpio.o(.text)
    GPIO_ResetBits                           0x08000be3   Thumb Code     4  stm32f10x_gpio.o(.text)
    GPIO_WriteBit                            0x08000be7   Thumb Code    10  stm32f10x_gpio.o(.text)
    GPIO_Write                               0x08000bf1   Thumb Code     4  stm32f10x_gpio.o(.text)
    GPIO_PinLockConfig                       0x08000bf5   Thumb Code    18  stm32f10x_gpio.o(.text)
    GPIO_EventOutputConfig                   0x08000c07   Thumb Code    26  stm32f10x_gpio.o(.text)
    GPIO_EventOutputCmd                      0x08000c21   Thumb Code     6  stm32f10x_gpio.o(.text)
    GPIO_PinRemapConfig                      0x08000c27   Thumb Code   138  stm32f10x_gpio.o(.text)
    GPIO_EXTILineConfig                      0x08000cb1   Thumb Code    66  stm32f10x_gpio.o(.text)
    GPIO_ETH_MediaInterfaceConfig            0x08000cf3   Thumb Code     8  stm32f10x_gpio.o(.text)
    I2C_DeInit                               0x08000d21   Thumb Code    50  stm32f10x_i2c.o(.text)
    I2C_Init                                 0x08000d53   Thumb Code   222  stm32f10x_i2c.o(.text)
    I2C_StructInit                           0x08000e31   Thumb Code    30  stm32f10x_i2c.o(.text)
    I2C_Cmd                                  0x08000e4f   Thumb Code    24  stm32f10x_i2c.o(.text)
    I2C_DMACmd                               0x08000e67   Thumb Code    24  stm32f10x_i2c.o(.text)
    I2C_DMALastTransferCmd                   0x08000e7f   Thumb Code    24  stm32f10x_i2c.o(.text)
    I2C_GenerateSTART                        0x08000e97   Thumb Code    24  stm32f10x_i2c.o(.text)
    I2C_GenerateSTOP                         0x08000eaf   Thumb Code    24  stm32f10x_i2c.o(.text)
    I2C_AcknowledgeConfig                    0x08000ec7   Thumb Code    24  stm32f10x_i2c.o(.text)
    I2C_OwnAddress2Config                    0x08000edf   Thumb Code    22  stm32f10x_i2c.o(.text)
    I2C_DualAddressCmd                       0x08000ef5   Thumb Code    24  stm32f10x_i2c.o(.text)
    I2C_GeneralCallCmd                       0x08000f0d   Thumb Code    24  stm32f10x_i2c.o(.text)
    I2C_ITConfig                             0x08000f25   Thumb Code    18  stm32f10x_i2c.o(.text)
    I2C_SendData                             0x08000f37   Thumb Code     4  stm32f10x_i2c.o(.text)
    I2C_ReceiveData                          0x08000f3b   Thumb Code     8  stm32f10x_i2c.o(.text)
    I2C_Send7bitAddress                      0x08000f43   Thumb Code    18  stm32f10x_i2c.o(.text)
    I2C_ReadRegister                         0x08000f55   Thumb Code    22  stm32f10x_i2c.o(.text)
    I2C_SoftwareResetCmd                     0x08000f6b   Thumb Code    22  stm32f10x_i2c.o(.text)
    I2C_NACKPositionConfig                   0x08000f81   Thumb Code    28  stm32f10x_i2c.o(.text)
    I2C_SMBusAlertConfig                     0x08000f9d   Thumb Code    28  stm32f10x_i2c.o(.text)
    I2C_TransmitPEC                          0x08000fb9   Thumb Code    24  stm32f10x_i2c.o(.text)
    I2C_PECPositionConfig                    0x08000fd1   Thumb Code    28  stm32f10x_i2c.o(.text)
    I2C_CalculatePEC                         0x08000fed   Thumb Code    24  stm32f10x_i2c.o(.text)
    I2C_GetPEC                               0x08001005   Thumb Code     8  stm32f10x_i2c.o(.text)
    I2C_ARPCmd                               0x0800100d   Thumb Code    24  stm32f10x_i2c.o(.text)
    I2C_StretchClockCmd                      0x08001025   Thumb Code    24  stm32f10x_i2c.o(.text)
    I2C_FastModeDutyCycleConfig              0x0800103d   Thumb Code    28  stm32f10x_i2c.o(.text)
    I2C_CheckEvent                           0x08001059   Thumb Code    42  stm32f10x_i2c.o(.text)
    I2C_GetLastEvent                         0x08001083   Thumb Code    26  stm32f10x_i2c.o(.text)
    I2C_GetFlagStatus                        0x0800109d   Thumb Code    58  stm32f10x_i2c.o(.text)
    I2C_ClearFlag                            0x080010d7   Thumb Code    12  stm32f10x_i2c.o(.text)
    I2C_GetITStatus                          0x080010e3   Thumb Code    54  stm32f10x_i2c.o(.text)
    I2C_ClearITPendingBit                    0x08001119   Thumb Code    12  stm32f10x_i2c.o(.text)
    RCC_DeInit                               0x08001125   Thumb Code    64  stm32f10x_rcc.o(.text)
    RCC_HSEConfig                            0x08001165   Thumb Code    70  stm32f10x_rcc.o(.text)
    RCC_GetFlagStatus                        0x080011ab   Thumb Code    56  stm32f10x_rcc.o(.text)
    RCC_WaitForHSEStartUp                    0x080011e3   Thumb Code    56  stm32f10x_rcc.o(.text)
    RCC_AdjustHSICalibrationValue            0x0800121b   Thumb Code    20  stm32f10x_rcc.o(.text)
    RCC_HSICmd                               0x0800122f   Thumb Code     6  stm32f10x_rcc.o(.text)
    RCC_PLLConfig                            0x08001235   Thumb Code    24  stm32f10x_rcc.o(.text)
    RCC_PLLCmd                               0x0800124d   Thumb Code     6  stm32f10x_rcc.o(.text)
    RCC_SYSCLKConfig                         0x08001253   Thumb Code    18  stm32f10x_rcc.o(.text)
    RCC_GetSYSCLKSource                      0x08001265   Thumb Code    10  stm32f10x_rcc.o(.text)
    RCC_HCLKConfig                           0x0800126f   Thumb Code    18  stm32f10x_rcc.o(.text)
    RCC_PCLK1Config                          0x08001281   Thumb Code    18  stm32f10x_rcc.o(.text)
    RCC_PCLK2Config                          0x08001293   Thumb Code    20  stm32f10x_rcc.o(.text)
    RCC_ITConfig                             0x080012a7   Thumb Code    26  stm32f10x_rcc.o(.text)
    RCC_USBCLKConfig                         0x080012c1   Thumb Code     8  stm32f10x_rcc.o(.text)
    RCC_ADCCLKConfig                         0x080012c9   Thumb Code    18  stm32f10x_rcc.o(.text)
    RCC_LSEConfig                            0x080012db   Thumb Code    50  stm32f10x_rcc.o(.text)
    RCC_LSICmd                               0x0800130d   Thumb Code     6  stm32f10x_rcc.o(.text)
    RCC_RTCCLKConfig                         0x08001313   Thumb Code    12  stm32f10x_rcc.o(.text)
    RCC_RTCCLKCmd                            0x0800131f   Thumb Code     8  stm32f10x_rcc.o(.text)
    RCC_GetClocksFreq                        0x08001327   Thumb Code   192  stm32f10x_rcc.o(.text)
    RCC_AHBPeriphClockCmd                    0x080013e7   Thumb Code    26  stm32f10x_rcc.o(.text)
    RCC_APB2PeriphClockCmd                   0x08001401   Thumb Code    26  stm32f10x_rcc.o(.text)
    RCC_APB1PeriphClockCmd                   0x0800141b   Thumb Code    26  stm32f10x_rcc.o(.text)
    RCC_APB2PeriphResetCmd                   0x08001435   Thumb Code    26  stm32f10x_rcc.o(.text)
    RCC_APB1PeriphResetCmd                   0x0800144f   Thumb Code    26  stm32f10x_rcc.o(.text)
    RCC_BackupResetCmd                       0x08001469   Thumb Code     8  stm32f10x_rcc.o(.text)
    RCC_ClockSecuritySystemCmd               0x08001471   Thumb Code     6  stm32f10x_rcc.o(.text)
    RCC_MCOConfig                            0x08001477   Thumb Code     6  stm32f10x_rcc.o(.text)
    RCC_ClearFlag                            0x0800147d   Thumb Code    14  stm32f10x_rcc.o(.text)
    RCC_GetITStatus                          0x0800148b   Thumb Code    20  stm32f10x_rcc.o(.text)
    RCC_ClearITPendingBit                    0x0800149f   Thumb Code     6  stm32f10x_rcc.o(.text)
    TIM_DeInit                               0x080014c9   Thumb Code   424  stm32f10x_tim.o(.text)
    TIM_TimeBaseInit                         0x08001671   Thumb Code   122  stm32f10x_tim.o(.text)
    TIM_OC1Init                              0x080016eb   Thumb Code   132  stm32f10x_tim.o(.text)
    TIM_OC2Init                              0x0800176f   Thumb Code   154  stm32f10x_tim.o(.text)
    TIM_OC3Init                              0x08001809   Thumb Code   150  stm32f10x_tim.o(.text)
    TIM_OC4Init                              0x0800189f   Thumb Code   182  stm32f10x_tim.o(.text)
    TIM_SetIC4Prescaler                      0x08001955   Thumb Code    26  stm32f10x_tim.o(.text)
    TIM_SetIC3Prescaler                      0x080019f1   Thumb Code    18  stm32f10x_tim.o(.text)
    TIM_SetIC2Prescaler                      0x08001a7d   Thumb Code    26  stm32f10x_tim.o(.text)
    TIM_SetIC1Prescaler                      0x08001b19   Thumb Code    18  stm32f10x_tim.o(.text)
    TIM_ICInit                               0x08001b97   Thumb Code   150  stm32f10x_tim.o(.text)
    TIM_PWMIConfig                           0x08001c2d   Thumb Code   124  stm32f10x_tim.o(.text)
    TIM_BDTRConfig                           0x08001ca9   Thumb Code    32  stm32f10x_tim.o(.text)
    TIM_TimeBaseStructInit                   0x08001cc9   Thumb Code    18  stm32f10x_tim.o(.text)
    TIM_OCStructInit                         0x08001cdb   Thumb Code    20  stm32f10x_tim.o(.text)
    TIM_ICStructInit                         0x08001cef   Thumb Code    18  stm32f10x_tim.o(.text)
    TIM_BDTRStructInit                       0x08001d01   Thumb Code    40  stm32f10x_tim.o(.text)
    TIM_Cmd                                  0x08001d29   Thumb Code    24  stm32f10x_tim.o(.text)
    TIM_CtrlPWMOutputs                       0x08001d41   Thumb Code    30  stm32f10x_tim.o(.text)
    TIM_ITConfig                             0x08001d5f   Thumb Code    18  stm32f10x_tim.o(.text)
    TIM_GenerateEvent                        0x08001d71   Thumb Code     4  stm32f10x_tim.o(.text)
    TIM_DMAConfig                            0x08001d75   Thumb Code    10  stm32f10x_tim.o(.text)
    TIM_DMACmd                               0x08001d7f   Thumb Code    18  stm32f10x_tim.o(.text)
    TIM_InternalClockConfig                  0x08001d91   Thumb Code    12  stm32f10x_tim.o(.text)
    TIM_SelectInputTrigger                   0x08001d9d   Thumb Code    18  stm32f10x_tim.o(.text)
    TIM_ITRxExternalClockConfig              0x08001daf   Thumb Code    24  stm32f10x_tim.o(.text)
    TIM_TIxExternalClockConfig               0x08001dc7   Thumb Code    62  stm32f10x_tim.o(.text)
    TIM_ETRConfig                            0x08001e05   Thumb Code    28  stm32f10x_tim.o(.text)
    TIM_ETRClockMode1Config                  0x08001e21   Thumb Code    54  stm32f10x_tim.o(.text)
    TIM_ETRClockMode2Config                  0x08001e57   Thumb Code    32  stm32f10x_tim.o(.text)
    TIM_PrescalerConfig                      0x08001e77   Thumb Code     6  stm32f10x_tim.o(.text)
    TIM_CounterModeConfig                    0x08001e7d   Thumb Code    18  stm32f10x_tim.o(.text)
    TIM_EncoderInterfaceConfig               0x08001e8f   Thumb Code    66  stm32f10x_tim.o(.text)
    TIM_ForcedOC1Config                      0x08001ed1   Thumb Code    18  stm32f10x_tim.o(.text)
    TIM_ForcedOC2Config                      0x08001ee3   Thumb Code    26  stm32f10x_tim.o(.text)
    TIM_ForcedOC3Config                      0x08001efd   Thumb Code    18  stm32f10x_tim.o(.text)
    TIM_ForcedOC4Config                      0x08001f0f   Thumb Code    26  stm32f10x_tim.o(.text)
    TIM_ARRPreloadConfig                     0x08001f29   Thumb Code    24  stm32f10x_tim.o(.text)
    TIM_SelectCOM                            0x08001f41   Thumb Code    24  stm32f10x_tim.o(.text)
    TIM_SelectCCDMA                          0x08001f59   Thumb Code    24  stm32f10x_tim.o(.text)
    TIM_CCPreloadControl                     0x08001f71   Thumb Code    24  stm32f10x_tim.o(.text)
    TIM_OC1PreloadConfig                     0x08001f89   Thumb Code    18  stm32f10x_tim.o(.text)
    TIM_OC2PreloadConfig                     0x08001f9b   Thumb Code    26  stm32f10x_tim.o(.text)
    TIM_OC3PreloadConfig                     0x08001fb5   Thumb Code    18  stm32f10x_tim.o(.text)
    TIM_OC4PreloadConfig                     0x08001fc7   Thumb Code    26  stm32f10x_tim.o(.text)
    TIM_OC1FastConfig                        0x08001fe1   Thumb Code    18  stm32f10x_tim.o(.text)
    TIM_OC2FastConfig                        0x08001ff3   Thumb Code    26  stm32f10x_tim.o(.text)
    TIM_OC3FastConfig                        0x0800200d   Thumb Code    18  stm32f10x_tim.o(.text)
    TIM_OC4FastConfig                        0x0800201f   Thumb Code    26  stm32f10x_tim.o(.text)
    TIM_ClearOC1Ref                          0x08002039   Thumb Code    18  stm32f10x_tim.o(.text)
    TIM_ClearOC2Ref                          0x0800204b   Thumb Code    24  stm32f10x_tim.o(.text)
    TIM_ClearOC3Ref                          0x08002063   Thumb Code    18  stm32f10x_tim.o(.text)
    TIM_ClearOC4Ref                          0x08002075   Thumb Code    24  stm32f10x_tim.o(.text)
    TIM_OC1PolarityConfig                    0x0800208d   Thumb Code    18  stm32f10x_tim.o(.text)
    TIM_OC1NPolarityConfig                   0x0800209f   Thumb Code    18  stm32f10x_tim.o(.text)
    TIM_OC2PolarityConfig                    0x080020b1   Thumb Code    26  stm32f10x_tim.o(.text)
    TIM_OC2NPolarityConfig                   0x080020cb   Thumb Code    26  stm32f10x_tim.o(.text)
    TIM_OC3PolarityConfig                    0x080020e5   Thumb Code    26  stm32f10x_tim.o(.text)
    TIM_OC3NPolarityConfig                   0x080020ff   Thumb Code    26  stm32f10x_tim.o(.text)
    TIM_OC4PolarityConfig                    0x08002119   Thumb Code    26  stm32f10x_tim.o(.text)
    TIM_CCxCmd                               0x08002133   Thumb Code    30  stm32f10x_tim.o(.text)
    TIM_CCxNCmd                              0x08002151   Thumb Code    30  stm32f10x_tim.o(.text)
    TIM_SelectOCxM                           0x0800216f   Thumb Code    82  stm32f10x_tim.o(.text)
    TIM_UpdateDisableConfig                  0x080021c1   Thumb Code    24  stm32f10x_tim.o(.text)
    TIM_UpdateRequestConfig                  0x080021d9   Thumb Code    24  stm32f10x_tim.o(.text)
    TIM_SelectHallSensor                     0x080021f1   Thumb Code    24  stm32f10x_tim.o(.text)
    TIM_SelectOnePulseMode                   0x08002209   Thumb Code    18  stm32f10x_tim.o(.text)
    TIM_SelectOutputTrigger                  0x0800221b   Thumb Code    18  stm32f10x_tim.o(.text)
    TIM_SelectSlaveMode                      0x0800222d   Thumb Code    18  stm32f10x_tim.o(.text)
    TIM_SelectMasterSlaveMode                0x0800223f   Thumb Code    18  stm32f10x_tim.o(.text)
    TIM_SetCounter                           0x08002251   Thumb Code     4  stm32f10x_tim.o(.text)
    TIM_SetAutoreload                        0x08002255   Thumb Code     4  stm32f10x_tim.o(.text)
    TIM_SetCompare1                          0x08002259   Thumb Code     4  stm32f10x_tim.o(.text)
    TIM_SetCompare2                          0x0800225d   Thumb Code     4  stm32f10x_tim.o(.text)
    TIM_SetCompare3                          0x08002261   Thumb Code     4  stm32f10x_tim.o(.text)
    TIM_SetCompare4                          0x08002265   Thumb Code     6  stm32f10x_tim.o(.text)
    TIM_SetClockDivision                     0x0800226b   Thumb Code    18  stm32f10x_tim.o(.text)
    TIM_GetCapture1                          0x0800227d   Thumb Code     6  stm32f10x_tim.o(.text)
    TIM_GetCapture2                          0x08002283   Thumb Code     6  stm32f10x_tim.o(.text)
    TIM_GetCapture3                          0x08002289   Thumb Code     6  stm32f10x_tim.o(.text)
    TIM_GetCapture4                          0x0800228f   Thumb Code     8  stm32f10x_tim.o(.text)
    TIM_GetCounter                           0x08002297   Thumb Code     6  stm32f10x_tim.o(.text)
    TIM_GetPrescaler                         0x0800229d   Thumb Code     6  stm32f10x_tim.o(.text)
    TIM_GetFlagStatus                        0x080022a3   Thumb Code    18  stm32f10x_tim.o(.text)
    TIM_ClearFlag                            0x080022b5   Thumb Code     6  stm32f10x_tim.o(.text)
    TIM_GetITStatus                          0x080022bb   Thumb Code    34  stm32f10x_tim.o(.text)
    TIM_ClearITPendingBit                    0x080022dd   Thumb Code     6  stm32f10x_tim.o(.text)
    USART_DeInit                             0x080022e5   Thumb Code   134  stm32f10x_usart.o(.text)
    USART_Init                               0x0800236b   Thumb Code   210  stm32f10x_usart.o(.text)
    USART_StructInit                         0x0800243d   Thumb Code    24  stm32f10x_usart.o(.text)
    USART_ClockInit                          0x08002455   Thumb Code    34  stm32f10x_usart.o(.text)
    USART_ClockStructInit                    0x08002477   Thumb Code    12  stm32f10x_usart.o(.text)
    USART_Cmd                                0x08002483   Thumb Code    24  stm32f10x_usart.o(.text)
    USART_ITConfig                           0x0800249b   Thumb Code    74  stm32f10x_usart.o(.text)
    USART_DMACmd                             0x080024e5   Thumb Code    18  stm32f10x_usart.o(.text)
    USART_SetAddress                         0x080024f7   Thumb Code    18  stm32f10x_usart.o(.text)
    USART_WakeUpConfig                       0x08002509   Thumb Code    18  stm32f10x_usart.o(.text)
    USART_ReceiverWakeUpCmd                  0x0800251b   Thumb Code    24  stm32f10x_usart.o(.text)
    USART_LINBreakDetectLengthConfig         0x08002533   Thumb Code    18  stm32f10x_usart.o(.text)
    USART_LINCmd                             0x08002545   Thumb Code    24  stm32f10x_usart.o(.text)
    USART_SendData                           0x0800255d   Thumb Code     8  stm32f10x_usart.o(.text)
    USART_ReceiveData                        0x08002565   Thumb Code    10  stm32f10x_usart.o(.text)
    USART_SendBreak                          0x0800256f   Thumb Code    10  stm32f10x_usart.o(.text)
    USART_SetGuardTime                       0x08002579   Thumb Code    16  stm32f10x_usart.o(.text)
    USART_SetPrescaler                       0x08002589   Thumb Code    16  stm32f10x_usart.o(.text)
    USART_SmartCardCmd                       0x08002599   Thumb Code    24  stm32f10x_usart.o(.text)
    USART_SmartCardNACKCmd                   0x080025b1   Thumb Code    24  stm32f10x_usart.o(.text)
    USART_HalfDuplexCmd                      0x080025c9   Thumb Code    24  stm32f10x_usart.o(.text)
    USART_OverSampling8Cmd                   0x080025e1   Thumb Code    22  stm32f10x_usart.o(.text)
    USART_OneBitMethodCmd                    0x080025f7   Thumb Code    24  stm32f10x_usart.o(.text)
    USART_IrDAConfig                         0x0800260f   Thumb Code    18  stm32f10x_usart.o(.text)
    USART_IrDACmd                            0x08002621   Thumb Code    24  stm32f10x_usart.o(.text)
    USART_GetFlagStatus                      0x08002639   Thumb Code    26  stm32f10x_usart.o(.text)
    USART_ClearFlag                          0x08002653   Thumb Code    18  stm32f10x_usart.o(.text)
    USART_GetITStatus                        0x08002665   Thumb Code    84  stm32f10x_usart.o(.text)
    USART_ClearITPendingBit                  0x080026b9   Thumb Code    52  stm32f10x_usart.o(.text)
    main                                     0x080026ed   Thumb Code   380  main.o(.text)
    NMI_Handler                              0x080028e5   Thumb Code     2  stm32f10x_it.o(.text)
    HardFault_Handler                        0x080028e7   Thumb Code     4  stm32f10x_it.o(.text)
    MemManage_Handler                        0x080028eb   Thumb Code     4  stm32f10x_it.o(.text)
    BusFault_Handler                         0x080028ef   Thumb Code     4  stm32f10x_it.o(.text)
    UsageFault_Handler                       0x080028f3   Thumb Code     4  stm32f10x_it.o(.text)
    SVC_Handler                              0x080028f7   Thumb Code     2  stm32f10x_it.o(.text)
    DebugMon_Handler                         0x080028f9   Thumb Code     2  stm32f10x_it.o(.text)
    PendSV_Handler                           0x080028fb   Thumb Code     2  stm32f10x_it.o(.text)
    SysTick_Handler                          0x080028fd   Thumb Code     2  stm32f10x_it.o(.text)
    DelayInit                                0x08002901   Thumb Code    50  delay.o(.text)
    DelayUs                                  0x08002933   Thumb Code    72  delay.o(.text)
    DelayMs                                  0x0800297b   Thumb Code    72  delay.o(.text)
    DelayS                                   0x080029c3   Thumb Code    26  delay.o(.text)
    _sys_exit                                0x080029ed   Thumb Code     6  usart.o(.text)
    fputc                                    0x080029f3   Thumb Code    24  usart.o(.text)
    USART1_Init                              0x08002a0b   Thumb Code   152  usart.o(.text)
    USART2_Init                              0x08002aa3   Thumb Code   160  usart.o(.text)
    USART3_Init                              0x08002b43   Thumb Code   160  usart.o(.text)
    USART_Printf                             0x08002be3   Thumb Code    68  usart.o(.text)
    USART_SendStr                            0x08002c27   Thumb Code    50  usart.o(.text)
    USART1_IRQHandler                        0x08002c59   Thumb Code    48  usart.o(.text)
    USART2_IRQHandler                        0x08002c89   Thumb Code   174  usart.o(.text)
    USART3_IRQHandler                        0x08002d37   Thumb Code   262  usart.o(.text)
    Bt_Upload_States                         0x08002e3d   Thumb Code    32  usart.o(.text)
    ADC_GPIO_Init                            0x08002e81   Thumb Code    32  adc.o(.text)
    ADC_Conf_Init                            0x08002ea1   Thumb Code   108  adc.o(.text)
    ADC_Read_Value                           0x08002f0d   Thumb Code    52  adc.o(.text)
    Charge_Init                              0x08002f49   Thumb Code   128  charge.o(.text)
    Charge_Get_State                         0x08002fc9   Thumb Code   116  charge.o(.text)
    Charge_Switch                            0x0800303d   Thumb Code   122  charge.o(.text)
    Charge_Start                             0x080030b7   Thumb Code    24  charge.o(.text)
    Charge_Stop                              0x080030cf   Thumb Code    26  charge.o(.text)
    Charge_Get_Voltage                       0x080030e9   Thumb Code   152  charge.o(.text)
    I2C_Configuration                        0x080031b1   Thumb Code   110  oled.o(.text)
    I2C_WriteByte                            0x0800321f   Thumb Code   126  oled.o(.text)
    WriteCmd                                 0x0800329d   Thumb Code    14  oled.o(.text)
    WriteDat                                 0x080032ab   Thumb Code    14  oled.o(.text)
    OLED_Fill                                0x080032b9   Thumb Code    58  oled.o(.text)
    OLED_CLS                                 0x080032f3   Thumb Code    10  oled.o(.text)
    OLED_Init                                0x080032fd   Thumb Code   188  oled.o(.text)
    OLED_SetPos                              0x080033b9   Thumb Code    40  oled.o(.text)
    OLED_ON                                  0x080033e1   Thumb Code    22  oled.o(.text)
    OLED_OFF                                 0x080033f7   Thumb Code    22  oled.o(.text)
    OLED_ShowStr                             0x0800340d   Thumb Code   228  oled.o(.text)
    OLED_ShowCN                              0x080034f1   Thumb Code   284  oled.o(.text)
    OLED_DrawBMP                             0x0800360d   Thumb Code   116  oled.o(.text)
    Show_States                              0x08003681   Thumb Code   312  oled.o(.text)
    SYN_Speaker                              0x08003811   Thumb Code   126  syn6288.o(.text)
    YS_SYN_Set                               0x0800388f   Thumb Code    24  syn6288.o(.text)
    TIM3_Init                                0x080038ad   Thumb Code    90  timer.o(.text)
    TIM3_IRQHandler                          0x08003907   Thumb Code   130  timer.o(.text)
    calccrc                                  0x080039a9   Thumb Code    42  im1253b.o(.text)
    chkcrc                                   0x080039d3   Thumb Code    78  im1253b.o(.text)
    IM_Read                                  0x08003a21   Thumb Code    62  im1253b.o(.text)
    IM_Analysis                              0x08003a5f   Thumb Code   272  im1253b.o(.text)
    __use_no_semihosting                     0x08003b9d   Thumb Code     2  use_no_semi_2.o(.text)
    __c89vsprintf                            0x08003ba1   Thumb Code    32  c89vsprintf.o(.text)
    __2sprintf                               0x08003bc5   Thumb Code    38  __2sprintf.o(.text)
    _printf_pre_padding                      0x08003bf1   Thumb Code    44  _printf_pad.o(.text)
    _printf_post_padding                     0x08003c1d   Thumb Code    34  _printf_pad.o(.text)
    _printf_int_dec                          0x08003c41   Thumb Code   104  _printf_dec.o(.text)
    __printf                                 0x08003cb9   Thumb Code   388  __printf_flags_ss_wp.o(.text)
    strlen                                   0x08003e41   Thumb Code    62  strlen.o(.text)
    __aeabi_memcpy                           0x08003e7f   Thumb Code     0  rt_memcpy_v6.o(.text)
    __rt_memcpy                              0x08003e7f   Thumb Code   138  rt_memcpy_v6.o(.text)
    _memcpy_lastbytes                        0x08003ee5   Thumb Code     0  rt_memcpy_v6.o(.text)
    __use_two_region_memory                  0x08003f09   Thumb Code     2  heapauxi.o(.text)
    __rt_heap_escrow$2region                 0x08003f0b   Thumb Code     2  heapauxi.o(.text)
    __rt_heap_expand$2region                 0x08003f0d   Thumb Code     2  heapauxi.o(.text)
    __I$use$semihosting                      0x08003f0f   Thumb Code     0  use_no_semi.o(.text)
    __use_no_semihosting_swi                 0x08003f0f   Thumb Code     2  use_no_semi.o(.text)
    _printf_truncate_signed                  0x08003f11   Thumb Code    18  _printf_truncate.o(.text)
    _printf_truncate_unsigned                0x08003f23   Thumb Code    18  _printf_truncate.o(.text)
    _printf_str                              0x08003f35   Thumb Code    82  _printf_str.o(.text)
    _printf_int_common                       0x08003f87   Thumb Code   178  _printf_intcommon.o(.text)
    _printf_charcount                        0x08004039   Thumb Code    40  _printf_charcount.o(.text)
    __lib_sel_fp_printf                      0x08004061   Thumb Code     2  _printf_fp_dec.o(.text)
    _printf_fp_dec_real                      0x08004213   Thumb Code   620  _printf_fp_dec.o(.text)
    _printf_char_common                      0x0800448b   Thumb Code    32  _printf_char_common.o(.text)
    _sputc                                   0x080044b1   Thumb Code    10  _sputc.o(.text)
    _printf_wctomb                           0x080044bd   Thumb Code   182  _printf_wctomb.o(.text)
    _printf_longlong_dec                     0x08004579   Thumb Code   108  _printf_longlong_dec.o(.text)
    _printf_longlong_oct                     0x080045f5   Thumb Code    66  _printf_oct_int_ll.o(.text)
    _printf_int_oct                          0x08004637   Thumb Code    24  _printf_oct_int_ll.o(.text)
    _printf_ll_oct                           0x0800464f   Thumb Code    12  _printf_oct_int_ll.o(.text)
    _printf_longlong_hex                     0x08004665   Thumb Code    86  _printf_hex_int_ll_ptr.o(.text)
    _printf_int_hex                          0x080046bb   Thumb Code    28  _printf_hex_int_ll_ptr.o(.text)
    _printf_ll_hex                           0x080046d7   Thumb Code    12  _printf_hex_int_ll_ptr.o(.text)
    _printf_hex_ptr                          0x080046e3   Thumb Code    18  _printf_hex_int_ll_ptr.o(.text)
    __aeabi_memcpy4                          0x080046f9   Thumb Code     0  rt_memcpy_w.o(.text)
    __aeabi_memcpy8                          0x080046f9   Thumb Code     0  rt_memcpy_w.o(.text)
    __rt_memcpy_w                            0x080046f9   Thumb Code   100  rt_memcpy_w.o(.text)
    _memcpy_lastbytes_aligned                0x08004741   Thumb Code     0  rt_memcpy_w.o(.text)
    __rt_locale                              0x0800475d   Thumb Code     8  rt_locale_intlibspace.o(.text)
    _ll_udiv10                               0x08004765   Thumb Code   138  lludiv10.o(.text)
    _printf_fp_infnan                        0x080047f1   Thumb Code   112  _printf_fp_infnan.o(.text)
    _printf_cs_common                        0x08004871   Thumb Code    20  _printf_char.o(.text)
    _printf_char                             0x08004885   Thumb Code    16  _printf_char.o(.text)
    _printf_string                           0x08004895   Thumb Code     8  _printf_char.o(.text)
    _printf_lcs_common                       0x0800489d   Thumb Code    20  _printf_wchar.o(.text)
    _printf_wchar                            0x080048b1   Thumb Code    16  _printf_wchar.o(.text)
    _printf_wstring                          0x080048c1   Thumb Code     8  _printf_wchar.o(.text)
    _btod_etento                             0x080048c9   Thumb Code   224  bigflt0.o(.text)
    _wcrtomb                                 0x080049ad   Thumb Code    64  _wcrtomb.o(.text)
    __user_libspace                          0x080049ed   Thumb Code     8  libspace.o(.text)
    __user_perproc_libspace                  0x080049ed   Thumb Code     0  libspace.o(.text)
    __user_perthread_libspace                0x080049ed   Thumb Code     0  libspace.o(.text)
    __user_setup_stackheap                   0x080049f5   Thumb Code    74  sys_stackheap_outer.o(.text)
    __rt_ctype_table                         0x08004a41   Thumb Code    16  rt_ctype_table.o(.text)
    exit                                     0x08004a51   Thumb Code    18  exit.o(.text)
    strcmp                                   0x08004a65   Thumb Code   128  strcmpv7m.o(.text)
    _btod_d2e                                0x08004ae5   Thumb Code    62  btod.o(CL$$btod_d2e)
    _d2e_denorm_low                          0x08004b23   Thumb Code    70  btod.o(CL$$btod_d2e_denorm_low)
    _d2e_norm_op1                            0x08004b69   Thumb Code    96  btod.o(CL$$btod_d2e_norm_op1)
    __btod_div_common                        0x08004bc9   Thumb Code   696  btod.o(CL$$btod_div_common)
    _e2e                                     0x08004f01   Thumb Code   220  btod.o(CL$$btod_e2e)
    _btod_ediv                               0x08004fdd   Thumb Code    42  btod.o(CL$$btod_ediv)
    _btod_emul                               0x08005007   Thumb Code    42  btod.o(CL$$btod_emul)
    __btod_mult_common                       0x08005031   Thumb Code   580  btod.o(CL$$btod_mult_common)
    __ARM_fpclassify                         0x08005275   Thumb Code    40  fpclassify.o(i.__ARM_fpclassify)
    _is_digit                                0x0800529d   Thumb Code    14  __printf_wp.o(i._is_digit)
    _get_lc_numeric                          0x080052ad   Thumb Code    44  lc_numeric_c.o(locale$$code)
    _get_lc_ctype                            0x080052d9   Thumb Code    44  lc_ctype_c.o(locale$$code)
    __aeabi_d2f                              0x08005305   Thumb Code     0  d2f.o(x$fpl$d2f)
    _d2f                                     0x08005305   Thumb Code    98  d2f.o(x$fpl$d2f)
    __aeabi_dadd                             0x08005369   Thumb Code     0  daddsub_clz.o(x$fpl$dadd)
    _dadd                                    0x08005369   Thumb Code   332  daddsub_clz.o(x$fpl$dadd)
    __aeabi_ddiv                             0x080054b9   Thumb Code     0  ddiv.o(x$fpl$ddiv)
    _ddiv                                    0x080054b9   Thumb Code   552  ddiv.o(x$fpl$ddiv)
    __aeabi_d2uiz                            0x08005769   Thumb Code     0  dfixu.o(x$fpl$dfixu)
    _dfixu                                   0x08005769   Thumb Code    90  dfixu.o(x$fpl$dfixu)
    __aeabi_ui2d                             0x080057c3   Thumb Code     0  dflt_clz.o(x$fpl$dfltu)
    _dfltu                                   0x080057c3   Thumb Code    38  dflt_clz.o(x$fpl$dfltu)
    __aeabi_dmul                             0x080057e9   Thumb Code     0  dmul.o(x$fpl$dmul)
    _dmul                                    0x080057e9   Thumb Code   332  dmul.o(x$fpl$dmul)
    __fpl_dnaninf                            0x0800593d   Thumb Code   156  dnaninf.o(x$fpl$dnaninf)
    __fpl_dretinf                            0x080059d9   Thumb Code    12  dretinf.o(x$fpl$dretinf)
    __aeabi_dsub                             0x080059e5   Thumb Code     0  daddsub_clz.o(x$fpl$dsub)
    _dsub                                    0x080059e5   Thumb Code   464  daddsub_clz.o(x$fpl$dsub)
    __aeabi_f2d                              0x08005bb9   Thumb Code     0  f2d.o(x$fpl$f2d)
    _f2d                                     0x08005bb9   Thumb Code    86  f2d.o(x$fpl$f2d)
    __fpl_fnaninf                            0x08005c0f   Thumb Code   140  fnaninf.o(x$fpl$fnaninf)
    __fpl_fretinf                            0x08005c9b   Thumb Code    10  fretinf.o(x$fpl$fretinf)
    _printf_fp_dec                           0x08005ca5   Thumb Code     4  printf1.o(x$fpl$printf1)
    F14x16_Idx                               0x08005ca8   Data         112  oled.o(.constdata)
    __I$use$fp                               0x08005ca8   Number         0  usenofp.o(x$fpl$usenofp)
    F6x8                                     0x08005d18   Data         552  oled.o(.constdata)
    F8X16                                    0x08005f40   Data        1520  oled.o(.constdata)
    Region$$Table$$Base                      0x08006608   Number         0  anon$$obj.o(Region$$Table)
    Region$$Table$$Limit                     0x08006628   Number         0  anon$$obj.o(Region$$Table)
    __ctype                                  0x08006651   Data           0  lc_ctype_c.o(locale$$data)
    SystemCoreClock                          0x20000000   Data           4  system_stm32f10x.o(.data)
    AHBPrescTable                            0x20000004   Data          16  system_stm32f10x.o(.data)
    USART3_State                             0x2000002c   Data           1  usart.o(.data)
    USART3_Len                               0x2000002d   Data           1  usart.o(.data)
    USART3_Tx_Buf                            0x2000002e   Data           8  usart.o(.data)
    __stdout                                 0x20000038   Data           4  usart.o(.data)
    USART_RX_STA                             0x2000003c   Data           2  usart.o(.data)
    Time_Limit                               0x2000003e   Data           1  usart.o(.data)
    m_charge_state                           0x20000047   Data           1  charge.o(.data)
    Time                                     0x20000048   Data           4  timer.o(.data)
    Energy2                                  0x2000004c   Data           4  timer.o(.data)
    Voltage                                  0x20000050   Data           4  im1253b.o(.data)
    Current                                  0x20000054   Data           4  im1253b.o(.data)
    Power                                    0x20000058   Data           4  im1253b.o(.data)
    Energy                                   0x2000005c   Data           4  im1253b.o(.data)
    Pf                                       0x20000060   Data           4  im1253b.o(.data)
    CO2                                      0x20000064   Data           4  im1253b.o(.data)
    USART3_Rx_Buf                            0x20000068   Data          40  usart.o(.bss)
    USART_RX_BUF                             0x20000090   Data         200  usart.o(.bss)
    buf2                                     0x20000158   Data          16  usart.o(.bss)
    OLED_BUF                                 0x20000168   Data          32  oled.o(.bss)
    __libspace_start                         0x20000188   Data          96  libspace.o(.bss)
    __temporary_stack_top$libspace           0x200001e8   Data           0  libspace.o(.bss)



==============================================================================

Memory Map of the image

  Image Entry point : 0x08000131

  Load Region LR_IROM1 (Base: 0x08000000, Size: 0x000067bc, Max: 0x00010000, ABSOLUTE)

    Execution Region ER_IROM1 (Exec base: 0x08000000, Load base: 0x08000000, Size: 0x00006754, Max: 0x00010000, ABSOLUTE)

    Exec Addr    Load Addr    Size         Type   Attr      Idx    E Section Name        Object

    0x08000000   0x08000000   0x00000130   Data   RO            3    RESET               startup_stm32f10x_hd.o
    0x08000130   0x08000130   0x00000008   Code   RO          684  * !!!main             c_w.l(__main.o)
    0x08000138   0x08000138   0x00000034   Code   RO         1001    !!!scatter          c_w.l(__scatter.o)
    0x0800016c   0x0800016c   0x0000001a   Code   RO         1003    !!handler_copy      c_w.l(__scatter_copy.o)
    0x08000186   0x08000186   0x00000002   PAD
    0x08000188   0x08000188   0x0000001c   Code   RO         1005    !!handler_zi        c_w.l(__scatter_zi.o)
    0x080001a4   0x080001a4   0x00000000   Code   RO          677    .ARM.Collect$$_printf_percent$$00000000  c_w.l(_printf_percent.o)
    0x080001a4   0x080001a4   0x00000006   Code   RO          765    .ARM.Collect$$_printf_percent$$00000001  c_w.l(_printf_n.o)
    0x080001aa   0x080001aa   0x00000006   Code   RO          767    .ARM.Collect$$_printf_percent$$00000002  c_w.l(_printf_p.o)
    0x080001b0   0x080001b0   0x00000006   Code   RO          676    .ARM.Collect$$_printf_percent$$00000003  c_w.l(_printf_f.o)
    0x080001b6   0x080001b6   0x00000006   Code   RO          771    .ARM.Collect$$_printf_percent$$00000004  c_w.l(_printf_e.o)
    0x080001bc   0x080001bc   0x00000006   Code   RO          772    .ARM.Collect$$_printf_percent$$00000005  c_w.l(_printf_g.o)
    0x080001c2   0x080001c2   0x00000006   Code   RO          773    .ARM.Collect$$_printf_percent$$00000006  c_w.l(_printf_a.o)
    0x080001c8   0x080001c8   0x0000000a   Code   RO          778    .ARM.Collect$$_printf_percent$$00000007  c_w.l(_printf_ll.o)
    0x080001d2   0x080001d2   0x00000006   Code   RO          769    .ARM.Collect$$_printf_percent$$00000008  c_w.l(_printf_i.o)
    0x080001d8   0x080001d8   0x00000006   Code   RO          675    .ARM.Collect$$_printf_percent$$00000009  c_w.l(_printf_d.o)
    0x080001de   0x080001de   0x00000006   Code   RO          770    .ARM.Collect$$_printf_percent$$0000000A  c_w.l(_printf_u.o)
    0x080001e4   0x080001e4   0x00000006   Code   RO          768    .ARM.Collect$$_printf_percent$$0000000B  c_w.l(_printf_o.o)
    0x080001ea   0x080001ea   0x00000006   Code   RO          766    .ARM.Collect$$_printf_percent$$0000000C  c_w.l(_printf_x.o)
    0x080001f0   0x080001f0   0x00000006   Code   RO          775    .ARM.Collect$$_printf_percent$$0000000D  c_w.l(_printf_lli.o)
    0x080001f6   0x080001f6   0x00000006   Code   RO          776    .ARM.Collect$$_printf_percent$$0000000E  c_w.l(_printf_lld.o)
    0x080001fc   0x080001fc   0x00000006   Code   RO          777    .ARM.Collect$$_printf_percent$$0000000F  c_w.l(_printf_llu.o)
    0x08000202   0x08000202   0x00000006   Code   RO          782    .ARM.Collect$$_printf_percent$$00000010  c_w.l(_printf_llo.o)
    0x08000208   0x08000208   0x00000006   Code   RO          783    .ARM.Collect$$_printf_percent$$00000011  c_w.l(_printf_llx.o)
    0x0800020e   0x0800020e   0x0000000a   Code   RO          779    .ARM.Collect$$_printf_percent$$00000012  c_w.l(_printf_l.o)
    0x08000218   0x08000218   0x00000006   Code   RO          763    .ARM.Collect$$_printf_percent$$00000013  c_w.l(_printf_c.o)
    0x0800021e   0x0800021e   0x00000006   Code   RO          764    .ARM.Collect$$_printf_percent$$00000014  c_w.l(_printf_s.o)
    0x08000224   0x08000224   0x00000006   Code   RO          780    .ARM.Collect$$_printf_percent$$00000015  c_w.l(_printf_lc.o)
    0x0800022a   0x0800022a   0x00000006   Code   RO          781    .ARM.Collect$$_printf_percent$$00000016  c_w.l(_printf_ls.o)
    0x08000230   0x08000230   0x00000004   Code   RO          774    .ARM.Collect$$_printf_percent$$00000017  c_w.l(_printf_percent_end.o)
    0x08000234   0x08000234   0x00000002   Code   RO          875    .ARM.Collect$$libinit$$00000000  c_w.l(libinit.o)
    0x08000236   0x08000236   0x00000000   Code   RO          877    .ARM.Collect$$libinit$$00000002  c_w.l(libinit2.o)
    0x08000236   0x08000236   0x00000000   Code   RO          879    .ARM.Collect$$libinit$$00000004  c_w.l(libinit2.o)
    0x08000236   0x08000236   0x00000000   Code   RO          882    .ARM.Collect$$libinit$$0000000A  c_w.l(libinit2.o)
    0x08000236   0x08000236   0x00000000   Code   RO          884    .ARM.Collect$$libinit$$0000000C  c_w.l(libinit2.o)
    0x08000236   0x08000236   0x00000000   Code   RO          886    .ARM.Collect$$libinit$$0000000E  c_w.l(libinit2.o)
    0x08000236   0x08000236   0x00000006   Code   RO          887    .ARM.Collect$$libinit$$0000000F  c_w.l(libinit2.o)
    0x0800023c   0x0800023c   0x00000000   Code   RO          889    .ARM.Collect$$libinit$$00000011  c_w.l(libinit2.o)
    0x0800023c   0x0800023c   0x0000000c   Code   RO          890    .ARM.Collect$$libinit$$00000012  c_w.l(libinit2.o)
    0x08000248   0x08000248   0x00000000   Code   RO          891    .ARM.Collect$$libinit$$00000013  c_w.l(libinit2.o)
    0x08000248   0x08000248   0x00000000   Code   RO          893    .ARM.Collect$$libinit$$00000015  c_w.l(libinit2.o)
    0x08000248   0x08000248   0x0000000a   Code   RO          894    .ARM.Collect$$libinit$$00000016  c_w.l(libinit2.o)
    0x08000252   0x08000252   0x00000000   Code   RO          895    .ARM.Collect$$libinit$$00000017  c_w.l(libinit2.o)
    0x08000252   0x08000252   0x00000000   Code   RO          897    .ARM.Collect$$libinit$$00000019  c_w.l(libinit2.o)
    0x08000252   0x08000252   0x00000000   Code   RO          899    .ARM.Collect$$libinit$$0000001B  c_w.l(libinit2.o)
    0x08000252   0x08000252   0x00000000   Code   RO          901    .ARM.Collect$$libinit$$0000001D  c_w.l(libinit2.o)
    0x08000252   0x08000252   0x00000000   Code   RO          903    .ARM.Collect$$libinit$$0000001F  c_w.l(libinit2.o)
    0x08000252   0x08000252   0x00000000   Code   RO          905    .ARM.Collect$$libinit$$00000021  c_w.l(libinit2.o)
    0x08000252   0x08000252   0x00000000   Code   RO          907    .ARM.Collect$$libinit$$00000023  c_w.l(libinit2.o)
    0x08000252   0x08000252   0x00000000   Code   RO          909    .ARM.Collect$$libinit$$00000025  c_w.l(libinit2.o)
    0x08000252   0x08000252   0x00000000   Code   RO          913    .ARM.Collect$$libinit$$0000002C  c_w.l(libinit2.o)
    0x08000252   0x08000252   0x00000000   Code   RO          915    .ARM.Collect$$libinit$$0000002E  c_w.l(libinit2.o)
    0x08000252   0x08000252   0x00000000   Code   RO          917    .ARM.Collect$$libinit$$00000030  c_w.l(libinit2.o)
    0x08000252   0x08000252   0x00000000   Code   RO          919    .ARM.Collect$$libinit$$00000032  c_w.l(libinit2.o)
    0x08000252   0x08000252   0x00000002   Code   RO          920    .ARM.Collect$$libinit$$00000033  c_w.l(libinit2.o)
    0x08000254   0x08000254   0x00000002   Code   RO          951    .ARM.Collect$$libshutdown$$00000000  c_w.l(libshutdown.o)
    0x08000256   0x08000256   0x00000000   Code   RO          960    .ARM.Collect$$libshutdown$$00000002  c_w.l(libshutdown2.o)
    0x08000256   0x08000256   0x00000000   Code   RO          962    .ARM.Collect$$libshutdown$$00000004  c_w.l(libshutdown2.o)
    0x08000256   0x08000256   0x00000000   Code   RO          965    .ARM.Collect$$libshutdown$$00000007  c_w.l(libshutdown2.o)
    0x08000256   0x08000256   0x00000000   Code   RO          968    .ARM.Collect$$libshutdown$$0000000A  c_w.l(libshutdown2.o)
    0x08000256   0x08000256   0x00000000   Code   RO          970    .ARM.Collect$$libshutdown$$0000000C  c_w.l(libshutdown2.o)
    0x08000256   0x08000256   0x00000000   Code   RO          973    .ARM.Collect$$libshutdown$$0000000F  c_w.l(libshutdown2.o)
    0x08000256   0x08000256   0x00000002   Code   RO          974    .ARM.Collect$$libshutdown$$00000010  c_w.l(libshutdown2.o)
    0x08000258   0x08000258   0x00000000   Code   RO          716    .ARM.Collect$$rtentry$$00000000  c_w.l(__rtentry.o)
    0x08000258   0x08000258   0x00000000   Code   RO          796    .ARM.Collect$$rtentry$$00000002  c_w.l(__rtentry2.o)
    0x08000258   0x08000258   0x00000006   Code   RO          808    .ARM.Collect$$rtentry$$00000004  c_w.l(__rtentry4.o)
    0x0800025e   0x0800025e   0x00000000   Code   RO          798    .ARM.Collect$$rtentry$$00000009  c_w.l(__rtentry2.o)
    0x0800025e   0x0800025e   0x00000004   Code   RO          799    .ARM.Collect$$rtentry$$0000000A  c_w.l(__rtentry2.o)
    0x08000262   0x08000262   0x00000000   Code   RO          801    .ARM.Collect$$rtentry$$0000000C  c_w.l(__rtentry2.o)
    0x08000262   0x08000262   0x00000008   Code   RO          802    .ARM.Collect$$rtentry$$0000000D  c_w.l(__rtentry2.o)
    0x0800026a   0x0800026a   0x00000002   Code   RO          921    .ARM.Collect$$rtexit$$00000000  c_w.l(rtexit.o)
    0x0800026c   0x0800026c   0x00000000   Code   RO          931    .ARM.Collect$$rtexit$$00000002  c_w.l(rtexit2.o)
    0x0800026c   0x0800026c   0x00000004   Code   RO          932    .ARM.Collect$$rtexit$$00000003  c_w.l(rtexit2.o)
    0x08000270   0x08000270   0x00000006   Code   RO          933    .ARM.Collect$$rtexit$$00000004  c_w.l(rtexit2.o)
    0x08000276   0x08000276   0x00000002   PAD
    0x08000278   0x08000278   0x00000040   Code   RO            4    .text               startup_stm32f10x_hd.o
    0x080002b8   0x080002b8   0x000001e0   Code   RO           24    .text               system_stm32f10x.o
    0x08000498   0x08000498   0x000000dc   Code   RO          121    .text               misc.o
    0x08000574   0x08000574   0x0000044e   Code   RO          137    .text               stm32f10x_adc.o
    0x080009c2   0x080009c2   0x00000002   PAD
    0x080009c4   0x080009c4   0x0000035c   Code   RO          269    .text               stm32f10x_gpio.o
    0x08000d20   0x08000d20   0x00000404   Code   RO          281    .text               stm32f10x_i2c.o
    0x08001124   0x08001124   0x000003a4   Code   RO          317    .text               stm32f10x_rcc.o
    0x080014c8   0x080014c8   0x00000e1a   Code   RO          367    .text               stm32f10x_tim.o
    0x080022e2   0x080022e2   0x00000002   PAD
    0x080022e4   0x080022e4   0x00000408   Code   RO          379    .text               stm32f10x_usart.o
    0x080026ec   0x080026ec   0x000001f8   Code   RO          403    .text               main.o
    0x080028e4   0x080028e4   0x0000001a   Code   RO          460    .text               stm32f10x_it.o
    0x080028fe   0x080028fe   0x00000002   PAD
    0x08002900   0x08002900   0x000000ec   Code   RO          475    .text               delay.o
    0x080029ec   0x080029ec   0x00000494   Code   RO          517    .text               usart.o
    0x08002e80   0x08002e80   0x000000c8   Code   RO          544    .text               adc.o
    0x08002f48   0x08002f48   0x00000268   Code   RO          556    .text               charge.o
    0x080031b0   0x080031b0   0x00000660   Code   RO          572    .text               oled.o
    0x08003810   0x08003810   0x0000009c   Code   RO          593    .text               syn6288.o
    0x080038ac   0x080038ac   0x000000fc   Code   RO          608    .text               timer.o
    0x080039a8   0x080039a8   0x000001f4   Code   RO          624    .text               im1253b.o
    0x08003b9c   0x08003b9c   0x00000002   Code   RO          641    .text               c_w.l(use_no_semi_2.o)
    0x08003b9e   0x08003b9e   0x00000002   PAD
    0x08003ba0   0x08003ba0   0x00000024   Code   RO          643    .text               c_w.l(c89vsprintf.o)
    0x08003bc4   0x08003bc4   0x0000002c   Code   RO          645    .text               c_w.l(__2sprintf.o)
    0x08003bf0   0x08003bf0   0x0000004e   Code   RO          651    .text               c_w.l(_printf_pad.o)
    0x08003c3e   0x08003c3e   0x00000002   PAD
    0x08003c40   0x08003c40   0x00000078   Code   RO          653    .text               c_w.l(_printf_dec.o)
    0x08003cb8   0x08003cb8   0x00000188   Code   RO          672    .text               c_w.l(__printf_flags_ss_wp.o)
    0x08003e40   0x08003e40   0x0000003e   Code   RO          678    .text               c_w.l(strlen.o)
    0x08003e7e   0x08003e7e   0x0000008a   Code   RO          680    .text               c_w.l(rt_memcpy_v6.o)
    0x08003f08   0x08003f08   0x00000006   Code   RO          682    .text               c_w.l(heapauxi.o)
    0x08003f0e   0x08003f0e   0x00000002   Code   RO          714    .text               c_w.l(use_no_semi.o)
    0x08003f10   0x08003f10   0x00000024   Code   RO          717    .text               c_w.l(_printf_truncate.o)
    0x08003f34   0x08003f34   0x00000052   Code   RO          719    .text               c_w.l(_printf_str.o)
    0x08003f86   0x08003f86   0x000000b2   Code   RO          721    .text               c_w.l(_printf_intcommon.o)
    0x08004038   0x08004038   0x00000028   Code   RO          723    .text               c_w.l(_printf_charcount.o)
    0x08004060   0x08004060   0x0000041e   Code   RO          725    .text               c_w.l(_printf_fp_dec.o)
    0x0800447e   0x0800447e   0x00000002   PAD
    0x08004480   0x08004480   0x00000030   Code   RO          727    .text               c_w.l(_printf_char_common.o)
    0x080044b0   0x080044b0   0x0000000a   Code   RO          729    .text               c_w.l(_sputc.o)
    0x080044ba   0x080044ba   0x00000002   PAD
    0x080044bc   0x080044bc   0x000000bc   Code   RO          731    .text               c_w.l(_printf_wctomb.o)
    0x08004578   0x08004578   0x0000007c   Code   RO          734    .text               c_w.l(_printf_longlong_dec.o)
    0x080045f4   0x080045f4   0x00000070   Code   RO          740    .text               c_w.l(_printf_oct_int_ll.o)
    0x08004664   0x08004664   0x00000094   Code   RO          760    .text               c_w.l(_printf_hex_int_ll_ptr.o)
    0x080046f8   0x080046f8   0x00000064   Code   RO          784    .text               c_w.l(rt_memcpy_w.o)
    0x0800475c   0x0800475c   0x00000008   Code   RO          813    .text               c_w.l(rt_locale_intlibspace.o)
    0x08004764   0x08004764   0x0000008a   Code   RO          815    .text               c_w.l(lludiv10.o)
    0x080047ee   0x080047ee   0x00000002   PAD
    0x080047f0   0x080047f0   0x00000080   Code   RO          817    .text               c_w.l(_printf_fp_infnan.o)
    0x08004870   0x08004870   0x0000002c   Code   RO          821    .text               c_w.l(_printf_char.o)
    0x0800489c   0x0800489c   0x0000002c   Code   RO          823    .text               c_w.l(_printf_wchar.o)
    0x080048c8   0x080048c8   0x000000e4   Code   RO          825    .text               c_w.l(bigflt0.o)
    0x080049ac   0x080049ac   0x00000040   Code   RO          850    .text               c_w.l(_wcrtomb.o)
    0x080049ec   0x080049ec   0x00000008   Code   RO          859    .text               c_w.l(libspace.o)
    0x080049f4   0x080049f4   0x0000004a   Code   RO          862    .text               c_w.l(sys_stackheap_outer.o)
    0x08004a3e   0x08004a3e   0x00000002   PAD
    0x08004a40   0x08004a40   0x00000010   Code   RO          864    .text               c_w.l(rt_ctype_table.o)
    0x08004a50   0x08004a50   0x00000012   Code   RO          866    .text               c_w.l(exit.o)
    0x08004a62   0x08004a62   0x00000002   PAD
    0x08004a64   0x08004a64   0x00000080   Code   RO          868    .text               c_w.l(strcmpv7m.o)
    0x08004ae4   0x08004ae4   0x0000003e   Code   RO          828    CL$$btod_d2e        c_w.l(btod.o)
    0x08004b22   0x08004b22   0x00000046   Code   RO          830    CL$$btod_d2e_denorm_low  c_w.l(btod.o)
    0x08004b68   0x08004b68   0x00000060   Code   RO          829    CL$$btod_d2e_norm_op1  c_w.l(btod.o)
    0x08004bc8   0x08004bc8   0x00000338   Code   RO          838    CL$$btod_div_common  c_w.l(btod.o)
    0x08004f00   0x08004f00   0x000000dc   Code   RO          835    CL$$btod_e2e        c_w.l(btod.o)
    0x08004fdc   0x08004fdc   0x0000002a   Code   RO          832    CL$$btod_ediv       c_w.l(btod.o)
    0x08005006   0x08005006   0x0000002a   Code   RO          831    CL$$btod_emul       c_w.l(btod.o)
    0x08005030   0x08005030   0x00000244   Code   RO          837    CL$$btod_mult_common  c_w.l(btod.o)
    0x08005274   0x08005274   0x00000028   Code   RO          857    i.__ARM_fpclassify  m_ws.l(fpclassify.o)
    0x0800529c   0x0800529c   0x0000000e   Code   RO          665    i._is_digit         c_w.l(__printf_wp.o)
    0x080052aa   0x080052aa   0x00000002   PAD
    0x080052ac   0x080052ac   0x0000002c   Code   RO          853    locale$$code        c_w.l(lc_numeric_c.o)
    0x080052d8   0x080052d8   0x0000002c   Code   RO          924    locale$$code        c_w.l(lc_ctype_c.o)
    0x08005304   0x08005304   0x00000062   Code   RO          686    x$fpl$d2f           fz_ws.l(d2f.o)
    0x08005366   0x08005366   0x00000002   PAD
    0x08005368   0x08005368   0x00000150   Code   RO          688    x$fpl$dadd          fz_ws.l(daddsub_clz.o)
    0x080054b8   0x080054b8   0x000002b0   Code   RO          695    x$fpl$ddiv          fz_ws.l(ddiv.o)
    0x08005768   0x08005768   0x0000005a   Code   RO          698    x$fpl$dfixu         fz_ws.l(dfixu.o)
    0x080057c2   0x080057c2   0x00000026   Code   RO          702    x$fpl$dfltu         fz_ws.l(dflt_clz.o)
    0x080057e8   0x080057e8   0x00000154   Code   RO          708    x$fpl$dmul          fz_ws.l(dmul.o)
    0x0800593c   0x0800593c   0x0000009c   Code   RO          786    x$fpl$dnaninf       fz_ws.l(dnaninf.o)
    0x080059d8   0x080059d8   0x0000000c   Code   RO          788    x$fpl$dretinf       fz_ws.l(dretinf.o)
    0x080059e4   0x080059e4   0x000001d4   Code   RO          690    x$fpl$dsub          fz_ws.l(daddsub_clz.o)
    0x08005bb8   0x08005bb8   0x00000056   Code   RO          710    x$fpl$f2d           fz_ws.l(f2d.o)
    0x08005c0e   0x08005c0e   0x0000008c   Code   RO          790    x$fpl$fnaninf       fz_ws.l(fnaninf.o)
    0x08005c9a   0x08005c9a   0x0000000a   Code   RO          792    x$fpl$fretinf       fz_ws.l(fretinf.o)
    0x08005ca4   0x08005ca4   0x00000004   Code   RO          712    x$fpl$printf1       fz_ws.l(printf1.o)
    0x08005ca8   0x08005ca8   0x00000000   Code   RO          794    x$fpl$usenofp       fz_ws.l(usenofp.o)
    0x08005ca8   0x08005ca8   0x00000888   Data   RO          574    .constdata          oled.o
    0x08006530   0x08006530   0x00000011   Data   RO          673    .constdata          c_w.l(__printf_flags_ss_wp.o)
    0x08006541   0x08006541   0x00000003   PAD
    0x08006544   0x08006544   0x00000008   Data   RO          732    .constdata          c_w.l(_printf_wctomb.o)
    0x0800654c   0x0800654c   0x00000028   Data   RO          761    .constdata          c_w.l(_printf_hex_int_ll_ptr.o)
    0x08006574   0x08006574   0x00000094   Data   RO          826    .constdata          c_w.l(bigflt0.o)
    0x08006608   0x08006608   0x00000020   Data   RO          999    Region$$Table       anon$$obj.o
    0x08006628   0x08006628   0x0000001c   Data   RO          852    locale$$data        c_w.l(lc_numeric_c.o)
    0x08006644   0x08006644   0x00000110   Data   RO          923    locale$$data        c_w.l(lc_ctype_c.o)


    Execution Region RW_IRAM1 (Exec base: 0x20000000, Load base: 0x08006754, Size: 0x000007e8, Max: 0x00005000, ABSOLUTE)

    Exec Addr    Load Addr    Size         Type   Attr      Idx    E Section Name        Object

    0x20000000   0x08006754   0x00000014   Data   RW           25    .data               system_stm32f10x.o
    0x20000014   0x08006768   0x00000014   Data   RW          318    .data               stm32f10x_rcc.o
    0x20000028   0x0800677c   0x00000004   Data   RW          476    .data               delay.o
    0x2000002c   0x08006780   0x0000001b   Data   RW          519    .data               usart.o
    0x20000047   0x0800679b   0x00000001   Data   RW          557    .data               charge.o
    0x20000048   0x0800679c   0x00000008   Data   RW          609    .data               timer.o
    0x20000050   0x080067a4   0x00000018   Data   RW          625    .data               im1253b.o
    0x20000068        -       0x00000100   Zero   RW          518    .bss                usart.o
    0x20000168        -       0x00000020   Zero   RW          573    .bss                oled.o
    0x20000188        -       0x00000060   Zero   RW          860    .bss                c_w.l(libspace.o)
    0x200001e8        -       0x00000200   Zero   RW            2    HEAP                startup_stm32f10x_hd.o
    0x200003e8        -       0x00000400   Zero   RW            1    STACK               startup_stm32f10x_hd.o


==============================================================================

Image component sizes


      Code (inc. data)   RO Data    RW Data    ZI Data      Debug   Object Name

       200          8          0          0          0        917   adc.o
       616         48          0          1          0       2178   charge.o
         0          0          0          0          0       4508   core_cm3.o
       236         16          0          4          0       1223   delay.o
       500         46          0         24          0       1979   im1253b.o
       504        124          0          0          0        707   main.o
       220         22          0          0          0       1769   misc.o
      1632        120       2184          0         32       5221   oled.o
        64         26        304          0       1536        868   startup_stm32f10x_hd.o
      1102         26          0          0          0      11009   stm32f10x_adc.o
       860         38          0          0          0       5701   stm32f10x_gpio.o
      1028         16          0          0          0       9191   stm32f10x_i2c.o
        26          0          0          0          0       1202   stm32f10x_it.o
       932         36          0         20          0       8864   stm32f10x_rcc.o
      3610         88          0          0          0      22812   stm32f10x_tim.o
      1032         22          0          0          0       8424   stm32f10x_usart.o
       156          6          0          0          0       1277   syn6288.o
       480         38          0         20          0     265747   system_stm32f10x.o
       252         32          0          8          0       1059   timer.o
      1172        104          0         27        256       6381   usart.o

    ----------------------------------------------------------------------
     14628        816       2520        104       1824     361037   Object Totals
         0          0         32          0          0          0   (incl. Generated)
         6          0          0          0          0          0   (incl. Padding)

    ----------------------------------------------------------------------

      Code (inc. data)   RO Data    RW Data    ZI Data      Debug   Library Member Name

        44          6          0          0          0         84   __2sprintf.o
         8          0          0          0          0         68   __main.o
       392          4         17          0          0         92   __printf_flags_ss_wp.o
        14          0          0          0          0         68   __printf_wp.o
         0          0          0          0          0          0   __rtentry.o
        12          0          0          0          0          0   __rtentry2.o
         6          0          0          0          0          0   __rtentry4.o
        52          8          0          0          0          0   __scatter.o
        26          0          0          0          0          0   __scatter_copy.o
        28          0          0          0          0          0   __scatter_zi.o
         6          0          0          0          0          0   _printf_a.o
         6          0          0          0          0          0   _printf_c.o
        44          0          0          0          0        108   _printf_char.o
        48          6          0          0          0         96   _printf_char_common.o
        40          0          0          0          0         68   _printf_charcount.o
         6          0          0          0          0          0   _printf_d.o
       120         16          0          0          0         92   _printf_dec.o
         6          0          0          0          0          0   _printf_e.o
         6          0          0          0          0          0   _printf_f.o
      1054          0          0          0          0        216   _printf_fp_dec.o
       128         16          0          0          0         84   _printf_fp_infnan.o
         6          0          0          0          0          0   _printf_g.o
       148          4         40          0          0        160   _printf_hex_int_ll_ptr.o
         6          0          0          0          0          0   _printf_i.o
       178          0          0          0          0         88   _printf_intcommon.o
        10          0          0          0          0          0   _printf_l.o
         6          0          0          0          0          0   _printf_lc.o
        10          0          0          0          0          0   _printf_ll.o
         6          0          0          0          0          0   _printf_lld.o
         6          0          0          0          0          0   _printf_lli.o
         6          0          0          0          0          0   _printf_llo.o
         6          0          0          0          0          0   _printf_llu.o
         6          0          0          0          0          0   _printf_llx.o
       124         16          0          0          0         92   _printf_longlong_dec.o
         6          0          0          0          0          0   _printf_ls.o
         6          0          0          0          0          0   _printf_n.o
         6          0          0          0          0          0   _printf_o.o
       112         10          0          0          0        124   _printf_oct_int_ll.o
         6          0          0          0          0          0   _printf_p.o
        78          0          0          0          0        108   _printf_pad.o
         0          0          0          0          0          0   _printf_percent.o
         4          0          0          0          0          0   _printf_percent_end.o
         6          0          0          0          0          0   _printf_s.o
        82          0          0          0          0         80   _printf_str.o
        36          0          0          0          0         84   _printf_truncate.o
         6          0          0          0          0          0   _printf_u.o
        44          0          0          0          0        108   _printf_wchar.o
       188          6          8          0          0         92   _printf_wctomb.o
         6          0          0          0          0          0   _printf_x.o
        10          0          0          0          0         68   _sputc.o
        64          0          0          0          0         92   _wcrtomb.o
       228          4        148          0          0         96   bigflt0.o
      1936        128          0          0          0        672   btod.o
        36          4          0          0          0         76   c89vsprintf.o
        18          0          0          0          0         80   exit.o
         6          0          0          0          0        152   heapauxi.o
        44         10        272          0          0         76   lc_ctype_c.o
        44         10         28          0          0         76   lc_numeric_c.o
         2          0          0          0          0          0   libinit.o
        30          0          0          0          0          0   libinit2.o
         2          0          0          0          0          0   libshutdown.o
         2          0          0          0          0          0   libshutdown2.o
         8          4          0          0         96         68   libspace.o
       138          0          0          0          0         80   lludiv10.o
        16          4          0          0          0         76   rt_ctype_table.o
         8          4          0          0          0         68   rt_locale_intlibspace.o
       138          0          0          0          0         68   rt_memcpy_v6.o
       100          0          0          0          0         80   rt_memcpy_w.o
         2          0          0          0          0          0   rtexit.o
        10          0          0          0          0          0   rtexit2.o
       128          0          0          0          0         68   strcmpv7m.o
        62          0          0          0          0         76   strlen.o
        74          0          0          0          0         80   sys_stackheap_outer.o
         2          0          0          0          0         68   use_no_semi.o
         2          0          0          0          0         68   use_no_semi_2.o
        98          4          0          0          0         92   d2f.o
       804         16          0          0          0        272   daddsub_clz.o
       688        140          0          0          0        208   ddiv.o
        90          4          0          0          0         92   dfixu.o
        38          0          0          0          0         68   dflt_clz.o
       340         12          0          0          0        104   dmul.o
       156          4          0          0          0         92   dnaninf.o
        12          0          0          0          0         68   dretinf.o
        86          4          0          0          0         84   f2d.o
       140          4          0          0          0         84   fnaninf.o
        10          0          0          0          0         68   fretinf.o
         4          0          0          0          0         68   printf1.o
         0          0          0          0          0          0   usenofp.o
        40          0          0          0          0         68   fpclassify.o

    ----------------------------------------------------------------------
      8788        448        516          0         96       5468   Library Totals
        22          0          3          0          0          0   (incl. Padding)

    ----------------------------------------------------------------------

      Code (inc. data)   RO Data    RW Data    ZI Data      Debug   Library Name

      6260        260        513          0         96       4100   c_w.l
      2466        188          0          0          0       1300   fz_ws.l
        40          0          0          0          0         68   m_ws.l

    ----------------------------------------------------------------------
      8788        448        516          0         96       5468   Library Totals

    ----------------------------------------------------------------------

==============================================================================


      Code (inc. data)   RO Data    RW Data    ZI Data      Debug   

     23416       1264       3036        104       1920     361977   Grand Totals
     23416       1264       3036        104       1920     361977   ELF Image Totals
     23416       1264       3036        104          0          0   ROM Totals

==============================================================================

    Total RO  Size (Code + RO Data)                26452 (  25.83kB)
    Total RW  Size (RW Data + ZI Data)              2024 (   1.98kB)
    Total ROM Size (Code + RO Data + RW Data)      26556 (  25.93kB)

==============================================================================

